
 Start         Length     Name                   Class
 0001:00000000 000AF534H .text                   CODE
 0002:00000000 00002BF4H .data                   DATA
 0002:00002BF4 000009A9H .bss                    BSS


Detailed map of segments

 0001:00000000 00005EB8 C=CODE     S=.text    G=(none)   M=System   ACBP=A9
 0001:00005EB8 00000174 C=CODE     S=.text    G=(none)   M=SysInit  ACBP=A9
 0001:0000602C 00000C24 C=CODE     S=.text    G=(none)   M=Windows  ACBP=A9
 0001:00006C50 00000038 C=CODE     S=.text    G=(none)   M=Messages ACBP=A9
 0001:00006C88 00000310 C=CODE     S=.text    G=(none)   M=SysConst ACBP=A9
 0001:00006F98 00006688 C=CODE     S=.text    G=(none)   M=SysUtils ACBP=A9
 0001:0000D620 000000A8 C=CODE     S=.text    G=(none)   M=ActiveX  ACBP=A9
 0001:0000D6C8 00000400 C=CODE     S=.text    G=(none)   M=Consts   ACBP=A9
 0001:0000DAC8 0000093C C=CODE     S=.text    G=(none)   M=TypInfo  ACBP=A9
 0001:0000E404 00009CEF C=CODE     S=.text    G=(none)   M=Classes  ACBP=A9
 0001:000180F4 00008FA7 C=CODE     S=.text    G=(none)   M=Graphics ACBP=A9
 0001:0002109C 000001C4 C=CODE     S=.text    G=(none)   M=Contnrs  ACBP=A9
 0001:00021260 00000198 C=CODE     S=.text    G=(none)   M=Commctrl ACBP=A9
 0001:000213F8 00000793 C=CODE     S=.text    G=(none)   M=MultiMon ACBP=A9
 0001:00021B8C 00000038 C=CODE     S=.text    G=(none)   M=Imm      ACBP=A9
 0001:00021BC4 00000048 C=CODE     S=.text    G=(none)   M=Math     ACBP=A9
 0001:00021C0C 00000038 C=CODE     S=.text    G=(none)   M=WinSpool ACBP=A9
 0001:00021C44 00000044 C=CODE     S=.text    G=(none)   M=Printers ACBP=A9
 0001:00021C88 0000031F C=CODE     S=.text    G=(none)   M=FlatSB   ACBP=A9
 0001:00021FA8 000060DC C=CODE     S=.text    G=(none)   M=StdCtrls ACBP=A9
 0001:00028084 000005FC C=CODE     S=.text    G=(none)   M=Clipbrd  ACBP=A9
 0001:00028680 0000015C C=CODE     S=.text    G=(none)   M=StdActns ACBP=A9
 0001:000287DC 0000F7C8 C=CODE     S=.text    G=(none)   M=Controls ACBP=A9
 0001:00037FA4 00000E28 C=CODE     S=.text    G=(none)   M=ActnList ACBP=A9
 0001:00038DCC 00001938 C=CODE     S=.text    G=(none)   M=ImgList  ACBP=A9
 0001:0003A704 000061D7 C=CODE     S=.text    G=(none)   M=Menus    ACBP=A9
 0001:000408DC 0000C053 C=CODE     S=.text    G=(none)   M=Forms    ACBP=A9
 0001:0004C930 00000040 C=CODE     S=.text    G=(none)   M=ShellAPI ACBP=A9
 0001:0004C970 00000038 C=CODE     S=.text    G=(none)   M=RegStr   ACBP=A9
 0001:0004C9A8 00000038 C=CODE     S=.text    G=(none)   M=WinInet  ACBP=A9
 0001:0004C9E0 00000038 C=CODE     S=.text    G=(none)   M=UrlMon   ACBP=A9
 0001:0004CA18 00000038 C=CODE     S=.text    G=(none)   M=ShlObj   ACBP=A9
 0001:0004CA50 00000038 C=CODE     S=.text    G=(none)   M=CommDlg  ACBP=A9
 0001:0004CA88 00002628 C=CODE     S=.text    G=(none)   M=ExtCtrls ACBP=A9
 0001:0004F0B0 00000038 C=CODE     S=.text    G=(none)   M=Dlgs     ACBP=A9
 0001:0004F0E8 00000B49 C=CODE     S=.text    G=(none)   M=Dialogs  ACBP=A9
 0001:0004FC34 000002A0 C=CODE     S=.text    G=(none)   M=DbConsts ACBP=A9
 0001:0004FED4 00002A48 C=CODE     S=.text    G=(none)   M=Mask     ACBP=A9
 0001:0005291C 00000050 C=CODE     S=.text    G=(none)   M=ComConst ACBP=A9
 0001:0005296C 00000DF1 C=CODE     S=.text    G=(none)   M=ComObj   ACBP=A9
 0001:00053760 00012B54 C=CODE     S=.text    G=(none)   M=Db       ACBP=A9
 0001:000662B4 00004024 C=CODE     S=.text    G=(none)   M=DBCommon ACBP=A9
 0001:0006A2D8 00003D04 C=CODE     S=.text    G=(none)   M=Bde      ACBP=A9
 0001:0006DFDC 00000068 C=CODE     S=.text    G=(none)   M=SMIntf   ACBP=A9
 0001:0006E044 0000051C C=CODE     S=.text    G=(none)   M=DBPWDlg  ACBP=A9
 0001:0006E560 000003E0 C=CODE     S=.text    G=(none)   M=DBLogDlg ACBP=A9
 0001:0006E940 00000118 C=CODE     S=.text    G=(none)   M=BdeConst ACBP=A9
 0001:0006EA58 0000D748 C=CODE     S=.text    G=(none)   M=DBTables ACBP=A9
 0001:0007C1A0 00000038 C=CODE     S=.text    G=(none)   M=RichEdit ACBP=A9
 0001:0007C1D8 00000038 C=CODE     S=.text    G=(none)   M=ToolWin  ACBP=A9
 0001:0007C210 00000038 C=CODE     S=.text    G=(none)   M=ComStrs  ACBP=A9
 0001:0007C248 0000199C C=CODE     S=.text    G=(none)   M=ComCtrls ACBP=A9
 0001:0007DBE4 00000068 C=CODE     S=.text    G=(none)   M=IniFiles ACBP=A9
 0001:0007DC4C 00000038 C=CODE     S=.text    G=(none)   M=Masks    ACBP=A9
 0001:0007DC84 00000068 C=CODE     S=.text    G=(none)   M=Registry ACBP=A9
 0001:0007DCEC 0000014C C=CODE     S=.text    G=(none)   M=DsgnIntf ACBP=A9
 0001:0007DE38 0000305D C=CODE     S=.text    G=(none)   M=Buttons  ACBP=A9
 0001:00080E98 00000BCC C=CODE     S=.text    G=(none)   M=CSLogon  ACBP=A9
 0001:00081A64 00000E18 C=CODE     S=.text    G=(none)   M=CSPwdunt ACBP=A9
 0001:0008287C 000046BC C=CODE     S=.text    G=(none)   M=DBCtrls  ACBP=A9
 0001:00086F38 000069C8 C=CODE     S=.text    G=(none)   M=Grids    ACBP=A9
 0001:0008D900 00009890 C=CODE     S=.text    G=(none)   M=DBGrids  ACBP=A9
 0001:00097190 00000038 C=CODE     S=.text    G=(none)   M=DBLookup ACBP=A9
 0001:000971C8 00000038 C=CODE     S=.text    G=(none)   M=Tabnotbk ACBP=A9
 0001:00097200 00000038 C=CODE     S=.text    G=(none)   M=CSFrmuser ACBP=A9
 0001:00097238 00000038 C=CODE     S=.text    G=(none)   M=CSFrmgrp ACBP=A9
 0001:00097270 00000038 C=CODE     S=.text    G=(none)   M=CSgapset ACBP=A9
 0001:000972A8 00000038 C=CODE     S=.text    G=(none)   M=CSFrmsec ACBP=A9
 0001:000972E0 00002BD0 C=CODE     S=.text    G=(none)   M=IsgCSsec ACBP=A9
 0001:00099EB0 00000038 C=CODE     S=.text    G=(none)   M=GetEmployeeID ACBP=A9
 0001:00099EE8 0000004C C=CODE     S=.text    G=(none)   M=SecurityConsts ACBP=A9
 0001:00099F34 00000050 C=CODE     S=.text    G=(none)   M=jconsts  ACBP=A9
 0001:00099F84 00013840 C=CODE     S=.text    G=(none)   M=jpeg     ACBP=A9
 0001:000AD7C4 00000428 C=CODE     S=.text    G=(none)   M=RMLAbout ACBP=A9
 0001:000ADBEC 00000038 C=CODE     S=.text    G=(none)   M=Constants ACBP=A9
 0001:000ADC24 00000288 C=CODE     S=.text    G=(none)   M=BDEFunctions ACBP=A9
 0001:000ADEAC 00000D64 C=CODE     S=.text    G=(none)   M=main     ACBP=A9
 0001:000AEC10 00000604 C=CODE     S=.text    G=(none)   M=ViewUsers ACBP=A9
 0001:000AF214 0000031D C=CODE     S=.text    G=(none)   M=BookOnOff ACBP=A9
 0002:00000000 00000106 C=DATA     S=.data    G=DGROUP   M=System   ACBP=A9
 0002:00000108 00000018 C=DATA     S=.data    G=DGROUP   M=SysInit  ACBP=A9
 0002:00000120 00000248 C=DATA     S=.data    G=DGROUP   M=SysUtils ACBP=A9
 0002:00000368 00000010 C=DATA     S=.data    G=DGROUP   M=ActiveX  ACBP=A9
 0002:00000378 00000010 C=DATA     S=.data    G=DGROUP   M=TypInfo  ACBP=A9
 0002:00000388 0000005C C=DATA     S=.data    G=DGROUP   M=Classes  ACBP=A9
 0002:000003E4 000002BC C=DATA     S=.data    G=DGROUP   M=Graphics ACBP=A9
 0002:000006A0 00000004 C=DATA     S=.data    G=DGROUP   M=Printers ACBP=A9
 0002:000006A4 000000C4 C=DATA     S=.data    G=DGROUP   M=StdCtrls ACBP=A9
 0002:00000768 0000012C C=DATA     S=.data    G=DGROUP   M=Controls ACBP=A9
 0002:00000894 00000020 C=DATA     S=.data    G=DGROUP   M=ImgList  ACBP=A9
 0002:000008B4 000000EC C=DATA     S=.data    G=DGROUP   M=Menus    ACBP=A9
 0002:000009A0 0000013C C=DATA     S=.data    G=DGROUP   M=Forms    ACBP=A9
 0002:00000ADC 00000014 C=DATA     S=.data    G=DGROUP   M=ExtCtrls ACBP=A9
 0002:00000AF0 000000B0 C=DATA     S=.data    G=DGROUP   M=Dialogs  ACBP=A9
 0002:00000BA0 00000010 C=DATA     S=.data    G=DGROUP   M=Mask     ACBP=A9
 0002:00000BB0 0000002C C=DATA     S=.data    G=DGROUP   M=ComObj   ACBP=A9
 0002:00000BDC 00000218 C=DATA     S=.data    G=DGROUP   M=Db       ACBP=A9
 0002:00000DF4 0000001C C=DATA     S=.data    G=DGROUP   M=DBCommon ACBP=A9
 0002:00000E10 00000C50 C=DATA     S=.data    G=DGROUP   M=Bde      ACBP=A9
 0002:00001A60 00000010 C=DATA     S=.data    G=DGROUP   M=SMIntf   ACBP=A9
 0002:00001A70 000000F8 C=DATA     S=.data    G=DGROUP   M=DBTables ACBP=A9
 0002:00001B68 00000028 C=DATA     S=.data    G=DGROUP   M=ComCtrls ACBP=A9
 0002:00001B90 00000008 C=DATA     S=.data    G=DGROUP   M=IniFiles ACBP=A9
 0002:00001B98 00000008 C=DATA     S=.data    G=DGROUP   M=Registry ACBP=A9
 0002:00001BA0 00000044 C=DATA     S=.data    G=DGROUP   M=DsgnIntf ACBP=A9
 0002:00001BE4 0000009E C=DATA     S=.data    G=DGROUP   M=Buttons  ACBP=A9
 0002:00001C84 00000054 C=DATA     S=.data    G=DGROUP   M=DBCtrls  ACBP=A9
 0002:00001CD8 00000028 C=DATA     S=.data    G=DGROUP   M=DBGrids  ACBP=A9
 0002:00001D00 000008F8 C=DATA     S=.data    G=DGROUP   M=jpeg     ACBP=A9
 0002:00003000 000004D0 C=BSS      S=.bss     G=DGROUP   M=System   ACBP=A9
 0002:000034D0 00000018 C=BSS      S=.bss     G=DGROUP   M=SysInit  ACBP=A9
 0002:000034E8 00000004 C=BSS      S=.bss     G=DGROUP   M=Windows  ACBP=A9
 0002:000034EC 00000004 C=BSS      S=.bss     G=DGROUP   M=Messages ACBP=A9
 0002:000034F0 00000004 C=BSS      S=.bss     G=DGROUP   M=SysConst ACBP=A9
 0002:000034F4 00000118 C=BSS      S=.bss     G=DGROUP   M=SysUtils ACBP=A9
 0002:0000360C 00000004 C=BSS      S=.bss     G=DGROUP   M=ActiveX  ACBP=A9
 0002:00003610 00000004 C=BSS      S=.bss     G=DGROUP   M=Consts   ACBP=A9
 0002:00003614 00000004 C=BSS      S=.bss     G=DGROUP   M=TypInfo  ACBP=A9
 0002:00003618 00000038 C=BSS      S=.bss     G=DGROUP   M=Classes  ACBP=A9
 0002:00003650 00000060 C=BSS      S=.bss     G=DGROUP   M=Graphics ACBP=A9
 0002:000036B0 00000004 C=BSS      S=.bss     G=DGROUP   M=Contnrs  ACBP=A9
 0002:000036B4 0000000C C=BSS      S=.bss     G=DGROUP   M=Commctrl ACBP=A9
 0002:000036C0 00000031 C=BSS      S=.bss     G=DGROUP   M=MultiMon ACBP=A9
 0002:000036F4 00000004 C=BSS      S=.bss     G=DGROUP   M=Imm      ACBP=A9
 0002:000036F8 00000004 C=BSS      S=.bss     G=DGROUP   M=Math     ACBP=A9
 0002:000036FC 00000004 C=BSS      S=.bss     G=DGROUP   M=WinSpool ACBP=A9
 0002:00003700 00000004 C=BSS      S=.bss     G=DGROUP   M=Printers ACBP=A9
 0002:00003704 00000034 C=BSS      S=.bss     G=DGROUP   M=FlatSB   ACBP=A9
 0002:00003738 00000004 C=BSS      S=.bss     G=DGROUP   M=StdCtrls ACBP=A9
 0002:0000373C 0000000C C=BSS      S=.bss     G=DGROUP   M=Clipbrd  ACBP=A9
 0002:00003748 00000004 C=BSS      S=.bss     G=DGROUP   M=StdActns ACBP=A9
 0002:0000374C 00000070 C=BSS      S=.bss     G=DGROUP   M=Controls ACBP=A9
 0002:000037BC 00000004 C=BSS      S=.bss     G=DGROUP   M=ActnList ACBP=A9
 0002:000037C0 00000004 C=BSS      S=.bss     G=DGROUP   M=ImgList  ACBP=A9
 0002:000037C4 00000010 C=BSS      S=.bss     G=DGROUP   M=Menus    ACBP=A9
 0002:000037D4 00000024 C=BSS      S=.bss     G=DGROUP   M=Forms    ACBP=A9
 0002:000037F8 00000004 C=BSS      S=.bss     G=DGROUP   M=ShellAPI ACBP=A9
 0002:000037FC 00000004 C=BSS      S=.bss     G=DGROUP   M=RegStr   ACBP=A9
 0002:00003800 00000004 C=BSS      S=.bss     G=DGROUP   M=WinInet  ACBP=A9
 0002:00003804 00000004 C=BSS      S=.bss     G=DGROUP   M=UrlMon   ACBP=A9
 0002:00003808 00000004 C=BSS      S=.bss     G=DGROUP   M=ShlObj   ACBP=A9
 0002:0000380C 00000004 C=BSS      S=.bss     G=DGROUP   M=CommDlg  ACBP=A9
 0002:00003810 00000004 C=BSS      S=.bss     G=DGROUP   M=ExtCtrls ACBP=A9
 0002:00003814 00000004 C=BSS      S=.bss     G=DGROUP   M=Dlgs     ACBP=A9
 0002:00003818 00000038 C=BSS      S=.bss     G=DGROUP   M=Dialogs  ACBP=A9
 0002:00003850 00000004 C=BSS      S=.bss     G=DGROUP   M=DbConsts ACBP=A9
 0002:00003854 00000004 C=BSS      S=.bss     G=DGROUP   M=Mask     ACBP=A9
 0002:00003858 00000004 C=BSS      S=.bss     G=DGROUP   M=ComConst ACBP=A9
 0002:0000385C 00000011 C=BSS      S=.bss     G=DGROUP   M=ComObj   ACBP=A9
 0002:00003870 00000004 C=BSS      S=.bss     G=DGROUP   M=Db       ACBP=A9
 0002:00003874 00000004 C=BSS      S=.bss     G=DGROUP   M=DBCommon ACBP=A9
 0002:00003878 0000001C C=BSS      S=.bss     G=DGROUP   M=Bde      ACBP=A9
 0002:00003894 00000004 C=BSS      S=.bss     G=DGROUP   M=SMIntf   ACBP=A9
 0002:00003898 00000004 C=BSS      S=.bss     G=DGROUP   M=DBPWDlg  ACBP=A9
 0002:0000389C 00000004 C=BSS      S=.bss     G=DGROUP   M=DBLogDlg ACBP=A9
 0002:000038A0 00000004 C=BSS      S=.bss     G=DGROUP   M=BdeConst ACBP=A9
 0002:000038A4 00000031 C=BSS      S=.bss     G=DGROUP   M=DBTables ACBP=A9
 0002:000038D8 00000004 C=BSS      S=.bss     G=DGROUP   M=RichEdit ACBP=A9
 0002:000038DC 00000004 C=BSS      S=.bss     G=DGROUP   M=ToolWin  ACBP=A9
 0002:000038E0 00000004 C=BSS      S=.bss     G=DGROUP   M=ComStrs  ACBP=A9
 0002:000038E4 0000000C C=BSS      S=.bss     G=DGROUP   M=ComCtrls ACBP=A9
 0002:000038F0 00000004 C=BSS      S=.bss     G=DGROUP   M=IniFiles ACBP=A9
 0002:000038F4 00000004 C=BSS      S=.bss     G=DGROUP   M=Masks    ACBP=A9
 0002:000038F8 00000004 C=BSS      S=.bss     G=DGROUP   M=Registry ACBP=A9
 0002:000038FC 00000004 C=BSS      S=.bss     G=DGROUP   M=DsgnIntf ACBP=A9
 0002:00003900 00000030 C=BSS      S=.bss     G=DGROUP   M=Buttons  ACBP=A9
 0002:00003930 00000008 C=BSS      S=.bss     G=DGROUP   M=CSLogon  ACBP=A9
 0002:00003938 00000008 C=BSS      S=.bss     G=DGROUP   M=CSPwdunt ACBP=A9
 0002:00003940 00000004 C=BSS      S=.bss     G=DGROUP   M=DBCtrls  ACBP=A9
 0002:00003944 00000004 C=BSS      S=.bss     G=DGROUP   M=Grids    ACBP=A9
 0002:00003948 0000000C C=BSS      S=.bss     G=DGROUP   M=DBGrids  ACBP=A9
 0002:00003954 00000004 C=BSS      S=.bss     G=DGROUP   M=DBLookup ACBP=A9
 0002:00003958 00000004 C=BSS      S=.bss     G=DGROUP   M=Tabnotbk ACBP=A9
 0002:0000395C 00000004 C=BSS      S=.bss     G=DGROUP   M=CSFrmuser ACBP=A9
 0002:00003960 00000004 C=BSS      S=.bss     G=DGROUP   M=CSFrmgrp ACBP=A9
 0002:00003964 00000004 C=BSS      S=.bss     G=DGROUP   M=CSgapset ACBP=A9
 0002:00003968 00000004 C=BSS      S=.bss     G=DGROUP   M=CSFrmsec ACBP=A9
 0002:0000396C 00000004 C=BSS      S=.bss     G=DGROUP   M=IsgCSsec ACBP=A9
 0002:00003970 00000004 C=BSS      S=.bss     G=DGROUP   M=GetEmployeeID ACBP=A9
 0002:00003974 0000000C C=BSS      S=.bss     G=DGROUP   M=SecurityConsts ACBP=A9
 0002:00003980 00000004 C=BSS      S=.bss     G=DGROUP   M=jconsts  ACBP=A9
 0002:00003984 00000004 C=BSS      S=.bss     G=DGROUP   M=jpeg     ACBP=A9
 0002:00003988 00000008 C=BSS      S=.bss     G=DGROUP   M=RMLAbout ACBP=A9
 0002:00003990 00000004 C=BSS      S=.bss     G=DGROUP   M=Constants ACBP=A9
 0002:00003994 00000004 C=BSS      S=.bss     G=DGROUP   M=BDEFunctions ACBP=A9
 0002:00003998 00000008 C=BSS      S=.bss     G=DGROUP   M=main     ACBP=A9
 0002:000039A0 00000008 C=BSS      S=.bss     G=DGROUP   M=ViewUsers ACBP=A9


  Address         Publics by Name

 0001:0009E65C       .
 0002:00001D8C       .
 0001:000A3938       .
 0001:000A53F0       .
 0001:00005354       .
 0002:00001F98       .
 0001:000A9988       .
 0001:000A364C       .
 0002:00001D7C       .
 0002:00000E10       .
 0001:000A3358       .
 0001:000A22BC       .
 0001:000A702C       .
 0001:000A7140       .
 0002:00002198       .
 0001:000A1BE4       .
 0002:000000C4       .
 0001:000A08DC       .
 0001:000A7FCC       .
 0002:00001E8C       .
 0001:000A87B8       .
 0001:000ACB50       .
 0001:000A92F0       .
 0001:0009D890       .
 0001:000A944C       .
 0001:0009FC84       .
 0001:0006A2F8       .
 0001:000AB6E8       .
 0002:0000387C       .
 0002:00002538       .
 0001:0009BAD4       .
 0002:00001E0C       .
 0001:000AB168       .
 0002:00001984       .
 0001:000AA840       .
 0001:0009D15C       .
 0001:0009F0EC       .
 0001:0009C734       .
 0001:0006D65C       .
 0001:0000CB98       .
 0001:000AA1B8       .
 0001:00005634       .
 0001:0009CC9C       .
 0001:0009F6D8       .
 0002:00003818       .01
 0002:00003748       .02
 0002:00003808       .1
 0002:00003804       .1
 0002:00003800       .1
 0002:000037FC       .1
 0002:000034EC       .1
 0002:0000397C       .1
 0002:000034E0       .1
 0002:000036B4       .1
 0002:00003850       .1
 0002:000038E0       .1
 0002:000038D8       .1
 0002:00003724       .1
 0002:00003980       .1
 0002:00003610       .1
 0002:000034F0       .1
 0002:000038A0       .1
 0002:0000380C       .1
 0002:00003990       .1
 0002:00003814       .1
 0002:000036E0       .1
 0002:00003994       .1
 0002:00003894       .1
 0002:00003878       .1
 0002:00003858       .1
 0002:000036F4       .1
 0002:000037F8       .1
 0002:00003870       .16
 0002:000039A4       .2
 0002:00003934       .2
 0002:00003898       .2
 0002:00003964       .2
 0002:00003970       .2
 0002:0000399C       .2
 0002:0000395C       .2
 0002:0000393C       .2
 0002:0000389C       .2
 0002:0000398C       .2
 0002:00003740       .2
 0002:000036F8       .2
 0002:000038F4       .2
 0002:000038B0       .22
 0002:00003754       .22
 0002:00003940       .22
 0002:00003738       .22
 0002:00003874       .3
 0002:0000396C       .3
 0002:00003968       .3
 0002:0000342C       .3
 0002:00003960       .3
 0002:00003958       .3
 0002:00003900       .3
 0002:000037C0       .3
 0002:00003984       .3
 0002:000034E8       .3
 0002:000036FC       .3
 0002:0000360C       .3
 0002:00003700       .3
 0002:000038F0       .4
 0002:000038DC       .4
 0002:000035FC       .44
 0002:000038E4       .45
 0002:000038FC       .45
 0002:00003954       .5
 0002:000038F8       .5
 0002:00003614       .5
 0002:000037DC       .51
 0002:00003854       .6
 0002:00003810       .61
 0002:0000385C       .61
 0002:000037BC       .7
 0002:00003654       .81
 0002:00003620       .84
 0002:00003944       .9
 0002:000037CC       .9
 0002:000036B0       .9
 0002:00003948       .9
 0001:00001A90       @AbstractError
 0001:00002344       @AfterConstruction
 0001:0000567D       @Append
 0001:0000213C       @AsClass
 0001:00005556       @Assign
 0001:00001BAC       @AStrCmp
 0001:0000234C       @BeforeDestruction
 0001:00002188       @CallDynaInst
 0001:000022EC       @ClassCreate
 0001:0000233C       @ClassDestroy
 0001:000055F8       @Close
 0001:00001888       @Copy
 0001:00003778       @CopyArray
 0001:0000365C       @CopyRecord
 0001:000039C4       @DispInvokeError
 0001:00003880       @Dispose
 0001:000027B4       @DoneExcept
 0001:00004CA0       @DynArrayAddRef
 0001:00004C78       @DynArrayAsg
 0001:00004C3C       @DynArrayClear
 0001:00004A7C       @DynArrayHigh
 0001:00004A74       @DynArrayLength
 0001:00004C30       @DynArraySetLength
 0001:000028A8       @ExceptionHandler
 0001:00001C1C       @FillChar
 0001:00003650       @Finalize
 0001:00003568       @FinalizeArray
 0001:0000353C       @FinalizeRecord
 0001:000021A0       @FindDynaInst
 0001:000055D1       @Flush
 0001:00001EE0       @FpuInit
 0001:00001E1C       @FpuMaskInit
 0001:000017A0       @FreeMem
 0001:00001788       @GetMem
 0001:00005F30       @GetTls
 0001:00002C5C       @Halt
 0001:00002B3C       @Halt0
 0001:00002458       @HandleAnyException
 0001:0000270C       @HandleFinally
 0001:00002584       @HandleOnException
 0001:00005FC0       @InitExe
 0001:00003530       @Initialize
 0001:0000349C       @InitializeArray
 0001:00003470       @InitializeRecord
 0001:00002A98       @InitImports
 0001:00002A7C       @InitResStringImports
 0001:000052B0       @IntfAddRef
 0001:0000527C       @IntfClear
 0001:00005294       @IntfCopy
 0001:00001EEC       @IntOver
 0001:00002124       @IsClass
 0001:00001DEC       @isNECWindows
 0001:000A6FA0       @jcopy_block_row
 0001:000A6F54       @jcopy_sample_rows
 0001:000A0848       @jinit_1pass_quantizer
 0001:000A1AC4       @jinit_2pass_quantizer
 0001:000AA5F4       @jinit_color_converter
 0001:0009FAB8       @jinit_color_deconverter
 0001:000A7F1C       @jinit_compress_master
 0001:000AA0F0       @jinit_c_coef_controller
 0001:000A93C8       @jinit_c_main_controller
 0001:000A9228       @jinit_c_master_control
 0001:000A98E0       @jinit_c_prep_controller
 0001:000AAFE0       @jinit_downsampler
 0001:000A3244       @jinit_d_coef_controller
 0001:000A21DC       @jinit_d_main_controller
 0001:000A35B8       @jinit_d_post_controller
 0001:000AB658       @jinit_forward_dct
 0001:0009F0AC       @jinit_huff_decoder
 0001:000AD690       @jinit_huff_encoder
 0001:0009CC54       @jinit_input_controller
 0001:000A38BC       @jinit_inverse_dct
 0001:000A6ED0       @jinit_marker_reader
 0001:000A876C       @jinit_marker_writer
 0001:0009D858       @jinit_master_decompress
 0001:0009C604       @jinit_memory_mgr
 0001:0009F658       @jinit_merged_upsampler
 0001:0009E5E8       @jinit_phuff_decoder
 0001:000AC190       @jinit_phuff_encoder
 0001:000A3E1C       @jinit_upsampler
 0001:000A6FB0       @jpeg_abort
 0001:000A7014       @jpeg_alloc_huff_table
 0001:000A6FFC       @jpeg_alloc_quant_table
 0001:000AC824       @jpeg_fdct_float
 0001:000AC5B8       @jpeg_fdct_ifast
 0001:000AC1D4       @jpeg_fdct_islow
 0001:0009E994       @jpeg_fill_bit_buffer
 0001:0009C708       @jpeg_free_large
 0001:0009C6F8       @jpeg_free_small
 0001:000AD3D4       @jpeg_gen_optimal_table
 0001:0009C700       @jpeg_get_large
 0001:0009C6F0       @jpeg_get_small
 0001:0009EAA4       @jpeg_huff_decode
 0001:000A53B4       @jpeg_idct_1x1
 0001:000A51D8       @jpeg_idct_2x2
 0001:000A4E44       @jpeg_idct_4x4
 0001:000A4034       @jpeg_idct_float
 0001:000A4464       @jpeg_idct_ifast
 0001:000A4870       @jpeg_idct_islow
 0001:000ACD1C       @jpeg_make_c_derived_tbl
 0001:0009E77C       @jpeg_make_d_derived_tbl
 0001:0009C710       @jpeg_mem_available
 0001:0009C72C       @jpeg_mem_init
 0001:0009C730       @jpeg_mem_term
 0001:0009C71C       @jpeg_open_backing_store
 0001:000A6DA4       @jpeg_resync_to_restart
 0001:000A7D50       @jpeg_suppress_tables
 0001:000A6F3C       @jround_up
 0001:000030A8       @LStrAddRef
 0001:00002C98       @LStrArrayClr
 0001:00002CC8       @LStrAsg
 0001:00002EFC       @LStrCat
 0001:00002F40       @LStrCat3
 0001:00002FB4       @LStrCatN
 0001:00002C74       @LStrClr
 0001:00003004       @LStrCmp
 0001:000030FC       @LStrCopy
 0001:0000313C       @LStrDelete
 0001:00002EA4       @LStrFromArray
 0001:00002E1C       @LStrFromChar
 0001:00002E2C       @LStrFromPChar
 0001:00002D5C       @LStrFromPCharLen
 0001:00002E5C       @LStrFromPWChar
 0001:00002D8C       @LStrFromPWCharLen
 0001:00002E98       @LStrFromString
 0001:00002EBC       @LStrFromWStr
 0001:00003184       @LStrInsert
 0001:00002D0C       @LStrLAsg
 0001:00002EF4       @LStrLen
 0001:000031E0       @LStrPos
 0001:00003228       @LStrSetLength
 0001:000030B8       @LStrToPChar
 0001:00002ED0       @LStrToString
 0001:0000386C       @New
 0001:00002D38       @NewAnsiString
 0001:000033C8       @NewWideString
 0001:00004134       @OleVarFromVar
 0001:000057FC       @Pow10
 0001:00001B28       @PStrCmp
 0001:00001ADC       @PStrCpy
 0001:00001AAC       @PStrNCat
 0001:00001AF8       @PStrNCpy
 0001:00002760       @RaiseAgain
 0001:00002744       @RaiseExcept
 0001:000017B8       @ReallocMem
 0001:0000566F       @ResetText
 0001:00005676       @RewritText
 0001:00001A68       @ROUND
 0001:00002C68       @RunError
 0001:00001DB0       @SetEq
 0001:00001DC4       @SetExpand
 0001:00001A54       @SetLength
 0001:00002A4C       @StartExe
 0001:00004834       @Str0Int64
 0001:00001C9C       @Str0Long
 0001:00004774       @StrInt64
 0001:00001C3C       @StrLong
 0001:00001A74       @TRUNC
 0001:000027E4       @TryFinallyExit
 0001:00004850       @ValInt64
 0001:00001CA8       @ValLong
 0001:000043BC       @VarAddRef
 0001:000045DC       @VarArrayGet
 0001:00004670       @VarArrayPut
 0001:00003C34       @VarCast
 0001:000039DC       @VarClear
 0001:000043B4       @VarClr
 0001:000042A4       @VarCmp
 0001:00003A20       @VarCopy
 0001:00003FD0       @VarFromBool
 0001:00004020       @VarFromCurr
 0001:00003FB8       @VarFromInt
 0001:000040AC       @VarFromIntf
 0001:00004038       @VarFromLStr
 0001:00003FF0       @VarFromReal
 0001:00004008       @VarFromTDateTime
 0001:00004078       @VarFromWStr
 0001:00003D94       @VarToBool
 0001:00003E24       @VarToCurr
 0001:00003D28       @VarToInt
 0001:00003F64       @VarToIntf
 0001:00003E80       @VarToLStr
 0001:00003DC8       @VarToReal
 0001:00003EBC       @VarToWStr
 0001:00005763       @Write0Char
 0001:000057CC       @Write0CString
 0001:00005728       @Write0String
 0001:00005684       @WriteBytes
 0001:000057B5       @WriteChar
 0001:000057D0       @WriteCString
 0001:0000574F       @WriteLn
 0001:000056EF       @WriteSpaces
 0001:00005732       @WriteString
 0001:000032BC       @WStrArrayClr
 0001:000032E0       @WStrAsg
 0001:000032A4       @WStrClr
 0001:000033E0       @WStrCopy
 0001:000033AC       @WStrFromLStr
 0001:00003304       @WStrFromPCharLen
 0001:00003388       @WStrFromPWCharLen
 0001:000033BC       @WStrLen
 0001:0000342C       @WStrSetLength
 0001:00001D8C       @_CLenToPasStr
 0001:00001D74       @_CToPasStr
 0001:000055AC       @_Flush
 0001:00001858       @_IOTest
 0001:00005B16       @_lldiv
 0001:00005B8E       @_lldivo
 0001:00005C09       @_llmod
 0001:00005C83       @_llmodo
 0001:00005AD0       @_llmul
 0001:00005AF3       @_llmulo
 0001:00005D03       @_llshl
 0001:00005BC0       @_lludiv
 0001:00005CB5       @_llumod
 0001:00005D3B       @_llushr
 0001:0000B248       Abort
 0001:0002AFC4       AbsMin
 0001:0000B640       AbstractErrorHandler
 0002:0000301C       AbstractErrorProc
 0002:00000198       AccessMode
 0001:000064F4       ActivateKeyboardLayout
 0002:0000377C       ActiveDrag
 0001:0000D6C0       ActiveX
 0001:00038DC4       ActnList
 0001:000004C0       AddBlockAfter
 0001:00007B78       AddExitProc
 0001:00066D4C       AddField
 0001:0005A018       AddFieldDefs
 0001:00091BE0       AddFields
 0001:0005A274       AddFields
 0001:0007B7D0       AddFieldToList
 0001:00013168       AddFinished
 0001:0003C208       AddIn
 0001:00071ABC       AddMessage
 0001:000050C8       AddModuleUnloadProc
 0001:000050B8       AddModuleUnloadProc
 0001:000131A0       AddNotFinished
 0001:0001BA00       AdjustColor
 0001:0004EC88       AdjustColors
 0001:000649A0       AdjustFirstRecord
 0001:00007F94       AdjustLineBreaks
 0001:000436A8       Adjustment
 0001:000064FC       AdjustWindowRectEx
 0001:0000C508       AL1
 0002:00000350       AL1s
 0001:0000C518       AL2
 0002:0000035C       AL2s
 0002:00001CDC       AlignFlags
 0002:00000988       Alignments
 0002:000006AC       Alignments
 0002:000006EC       Alignments
 0002:00000AE4       Alignments
 0002:00000978       Alignments
 0001:00049F50       AlignWork
 0001:0002FF40       AlignWork
 0001:000430D4       AllocateHWnd
 0001:00007B2C       AllocMem
 0002:00003424       AllocMemCount
 0002:00003428       AllocMemSize
 0001:00020E94       AllocPatternBitmap
 0001:0000C584       ALR
 0001:0000C530       ALV
 0001:00016080       AncestorValid
 0002:00000770       AnchorAlign
 0001:00007D58       AnsiCompareStr
 0001:00007D90       AnsiCompareText
 0001:00007E94       AnsiExtractQuotedStr
 0001:00008290       AnsiLastChar
 0001:00006504       AnsiLower
 0001:00007D24       AnsiLowerCase
 0001:0000BDD4       AnsiLowerCaseFileName
 0001:0000BD9C       AnsiPos
 0001:00040710       AnsiSameCaption
 0001:00007DC8       AnsiSameText
 0001:00007E04       AnsiStrIComp
 0001:00007E24       AnsiStrLIComp
 0001:0000BEEC       AnsiStrPos
 0001:0000BF8C       AnsiStrRScan
 0001:0000BFB4       AnsiStrScan
 0001:00071744       AnsiToNative
 0001:000717D0       AnsiToNativeBuf
 0001:00007CF0       AnsiUpperCase
 0001:0000BE60       AnsiUpperCaseFileName
 0001:00003ABC       AnyChangeType
 0001:00004208       AnyCmp
 0001:00003EF4       AnyToIntf
 0001:00009558       AppendChars
 0001:00009920       AppendFormat
 0001:000095BC       AppendNumber
 0001:0000959C       AppendString
 0002:000037D4       Application
 0002:00000AD4       AppVisible
 0002:00000BAC       ArrowKey
 0001:0000B624       AssertErrorHandler
 0002:00003018       AssertErrorProc
 0001:0000DEF4       AssignLongStr
 0001:00079A08       AssignParams
 0001:0000E23C       AssignVariant
 0001:0000DF88       AssignWideStr
 0001:0005AAF8       AttributeSetStored
 0002:00003478       avail
 0001:00008484       BackfillGetDiskFreeSpaceEx
 0001:0002D8C4       BackgroundClipped
 0002:00000DD0       BaseFieldTypes
 0002:00001BA0       BaseRegistryKey
 0002:0000006C       BaseTypeMap
 0001:00058CA8       BCDToCurr
 0001:0006DFD4       Bde
 0001:00071550       BdeCallBack
 0001:0006EA50       BdeConst
 0001:000ADEA4       BDEFunctions
 0002:000038CC       BDEInitProcs
 0001:0001004C       BeginGlobalLoading
 0001:0000650C       BeginPaint
 0001:0001BA0C       BetterSize
 0001:0004E5A4       BevelLine
 0001:0004E4B4       BevelRect
 0001:0003CF98       BiDiDraw
 0001:000062A4       BitBlt
 0002:00001C10       BitBtnCaptions
 0002:00003904       BitBtnGlyphs
 0002:00001C3C       BitBtnModalResults
 0002:00001BE4       BitBtnResNames
 0002:00000654       BitCounts
 0002:0000064C       BitmapCanvasList
 0002:0000366C       BitmapImageLock
 0002:00001AF4       BlobTypeMap
 0002:000009BC       BlockCode
 0002:00003450       blockDescBlockList
 0002:00003454       blockDescFreeList
 0001:000AF4BC       BookOnOff
 0002:00000378       BooleanIdents
 0002:00000DFC       BoolFalse
 0002:00000ADC       BorderStyles
 0002:00000A2C       BorderStyles
 0002:000006A4       BorderStyles
 0001:0000F958       Bounds
 0002:00000920       Breaks
 0002:000036A4       BrushManager
 0002:00001CAC       BtnHintId
 0002:00001C84       BtnTypeName
 0001:00064148       BufferToByteArray
 0001:0008752C       Build
 0001:0009AC58       BuildColorMap
 0001:0003F51C       BuildImage
 0001:0009ABB0       BuildPalette
 0002:00000B48       ButtonCaptions
 0002:00001C6C       ButtonCount
 0002:00000B1C       ButtonNames
 0002:0000099C       Buttons
 0001:00080E70       Buttons
 0002:0000071C       ButtonStyles
 0002:00003824       ButtonWidths
 0001:00064200       ByteArrayToBuffer
 0001:0001B1EC       BytesPerScanline
 0001:0001B544       ByteSwapColors
 0001:0000BC14       ByteToCharIndex
 0001:0000BBEC       ByteToCharLen
 0001:0000BBB0       ByteType
 0001:0000BB38       ByteTypeTest
 0002:00000384       C10000
 0002:000000C0       C10000
 0001:0008A5AC       CalcAxis
 0001:000898E0       CalcAxis
 0001:00089B1C       CalcAxisState
 0001:00089964       CalcFixedAxis
 0001:00043010       CalcJmpOffset
 0001:00089A78       CalcMaxCell
 0001:0008BA4C       CalcPageExtents
 0001:0008B348       CalcScroll
 0001:0008A9B0       CalcScrollBar
 0001:0008B6AC       CalcSizeInfo
 0001:000372F8       CalcSplitterPos
 0001:0005F944       CalcTotalSize
 0001:0005AB38       CalculatedStored
 0001:00006514       CallNextHookEx
 0001:0000C4CC       CallTerminateProcs
 0001:0000651C       CallWindowProc
 0001:0007731C       CanBlockRead
 0001:0002BF3C       CancelDrag
 0001:000656DC       CancelNestedDataSets
 0002:000036A8       CanvasList
 0002:0000378C       CanvasList
 0002:00000AF4       Captions
 0002:00000828       CaptureControl
 0002:000008C0       cBooleanToItemAutoFlag
 0002:00001B24       CBRetCode
 0002:0000373E       CF_COMPONENT
 0002:0000373C       CF_PICTURE
 0002:000033EC       ChangeAnyProc
 0001:0002A670       ChangeBiDiModeAlignment
 0001:00003B28       ChangeSourceAny
 0002:000006CC       CharCases
 0001:00006524       CharLowerBuff
 0001:000002BC       CharNext
 0001:00019958       CharsetToIdent
 0001:0000BCD8       CharToByteIndex
 0001:0000BD3C       CharToByteLen
 0001:0000652C       CharToOem
 0001:00006534       CharToOemBuff
 0001:0000653C       CharUpperBuff
 0001:00071A58       Check
 0001:0001BFD4       CheckBool
 0001:0009485C       CheckForPassthroughs
 0001:00078BF0       CheckIfParentScrolled
 0001:000023D4       CheckJmp
 0001:00006544       CheckMenuItem
 0001:000645D0       CheckNestedBrowseMode
 0002:00000910       Checks
 0001:00042F20       CheckTaskWindow
 0001:0002BC6C       CheckUndock
 0002:000008C4       cItemAutoFlagToBoolean
 0002:000008BC       cItemAutoFlagToMenu
 0002:00003628       ClassAliasList
 0001:00018080       Classes
 0002:00003624       ClassList
 0001:0000F980       ClassNotFound
 0002:00001A60       Class_SMClient
 0002:000033E8       ClearAnyProc
 0001:000192D0       ClearColor
 0001:00053440       ClearExcepInfo
 0001:00093EA8       ClearSelection
 0001:0000654C       ClientToScreen
 0001:00034D1C       ClientToWindow
 0001:000285CC       Clipboard
 0002:00000644       ClipboardFormats
 0001:00028628       Clipbrd
 0001:00006554       CloseClipboard
 0001:00006054       CloseHandle
 0001:0000025C       CloseHandle
 0002:00003030       CmdLine
 0002:0000302C       CmdShow
 0002:000008B8       cMenuAutoFlagToItem
 0002:00000BB8       CoAddRefServerProcess
 0001:0000D66C       CoCreateInstance
 0002:00000BB0       CoCreateInstanceEx
 0002:00000BC8       CoInitFlags
 0001:0000D65C       CoInitialize
 0002:00000BB4       CoInitializeEx
 0001:00010314       CollectionsEqual
 0002:00000414       Colors
 0001:00019750       ColorToIdent
 0001:00019740       ColorToRGB
 0002:00003864       ComClassManagerVar
 0001:00052964       ComConst
 0002:000036B8       ComCtl32DLL
 0001:0007DBDC       ComCtrls
 0002:000037D0       CommandPool
 0001:000213F0       Commctrl
 0001:0004CA80       CommDlg
 0001:000007A0       Commit
 0002:00003494       committedRoot
 0001:0005370C       ComObj
 0001:000878A0       CompareExtents
 0001:0003B878       CompareFront
 0001:00007C58       CompareMem
 0001:00007C28       CompareStr
 0001:0000605C       CompareString
 0001:00007C78       CompareText
 0002:00001BE0       ComponentClassList
 0001:00013B24       ComponentCreated
 0001:0001BDA4       ComputeAldusChecksum
 0001:0007C240       ComStrs
 0001:000ADC1C       Constants
 0001:0000DAC0       Consts
 0001:00021258       Contnrs
 0002:0000375A       ControlAtom
 0001:00037F80       Controls
 0001:0000B038       ConvertAddr
 0001:000096AC       ConvertEraString
 0001:00007AB4       ConvertError
 0001:00007ACC       ConvertErrorFmt
 0001:00009818       ConvertYearString
 0001:00004A84       CopyArray
 0001:0001E338       CopyBitmap
 0001:0001E9F8       CopyBitmapAsMask
 0001:000062AC       CopyEnhMetaFile
 0001:00080428       CopyImage
 0001:00080C98       CopyImage
 0001:0001E994       CopyPalette
 0001:0003E6B8       CopyToBest
 0002:00000BBC       CoReleaseServerProcess
 0002:00000BC0       CoResumeClassObjects
 0002:00000BC4       CoSuspendClassObjects
 0001:0000D664       CoUninitialize
 0001:0000BC64       CountChars
 0002:00003684       CounterLock
 0001:0000B568       CreateAssertException
 0001:0000B700       CreateAVObject
 0001:000062B4       CreateBitmap
 0001:000062BC       CreateBrushIndirect
 0001:000062C4       CreateCompatibleBitmap
 0001:000062CC       CreateCompatibleDC
 0001:00013BA4       CreateComponent
 0001:000062DC       CreateDIBitmap
 0001:000062D4       CreateDIBSection
 0001:00006064       CreateEvent
 0001:0000606C       CreateFile
 0001:00000264       CreateFileA
 0001:000062E4       CreateFontIndirect
 0001:000062EC       CreateHalftonePalette
 0001:0000655C       CreateIcon
 0001:0000B4A4       CreateInOutError
 0001:00006564       CreateMenu
 0001:0004F3DC       CreateMessageDialog
 0001:00006074       CreateMutexA
 0001:000062F4       CreatePalette
 0001:000062FC       CreatePenIndirect
 0001:0000656C       CreatePopupMenu
 0001:00006304       CreateSolidBrush
 0001:0001B59C       CreateSystemPalette
 0001:0000607C       CreateThread
 0001:00006AEC       CreateWindow
 0001:00006574       CreateWindowEx
 0002:00000768       CreationControl
 0001:00097268       CSFrmgrp
 0001:000972D8       CSFrmsec
 0001:00097230       CSFrmuser
 0001:000972A0       CSgapset
 0002:00000760       CSHREDRAW
 0001:00081A5C       CSLogon
 0001:00082874       CSPwdunt
 0002:00000864       Ctl3DStyles
 0001:00087AD4       Ctrl
 0002:0000348C       curAlloc
 0002:000034FC       CurrencyDecimals
 0002:000034F8       CurrencyFormat
 0002:000034F4       CurrencyString
 0001:00009544       CurrentYear
 0001:00058C1C       CurrToBCD
 0001:00008D90       CurrToStr
 0001:00008DF8       CurrToStrF
 0002:00000A58       CursorMap
 0002:00000778       Cursors
 0001:0002A91C       CursorToIdent
 0002:00000030       cwChop
 0002:00000D10       CWNear
 0001:00058A88       DatabaseError
 0001:00058B34       DatabaseErrorFmt
 0002:00001B60       DataType
 0002:00001ADC       DataTypeMap
 0001:000094C8       Date
 0002:000034FD       DateSeparator
 0001:00064100       DateTimeToNative
 0001:0000A108       DateTimeToStr
 0001:0000A094       DateTimeToString
 0001:00008FE8       DateTimeToTimeStamp
 0001:0000A0F0       DateToStr
 0001:000094A0       DayOfWeek
 0001:000662AC       Db
 0001:0006A2D0       DBCommon
 0001:0004FECC       DbConsts
 0001:00086F24       DBCtrls
 0001:00097188       DBGrids
 0001:0006C9EA       DbiAcqPersistTableLock
 0001:0006C9FC       DbiAcqTableLock
 0001:0006C2FA       DbiActivateFilter
 0001:0006BC52       DbiAddAlias
 0001:0006BBBC       DbiAddDriver
 0001:0006C306       DbiAddFilter
 0001:0006C822       DbiAddIndex
 0001:0006C9AE       DbiAddPassword
 0001:0006BED4       DbiAnsiToNative
 0001:0006C7C8       DbiAppendRecord
 0001:0006BD00       DbiApplyDelayedUpdates
 0001:0006C2E8       DbiBatchMove
 0001:0006BEA4       DbiBcdFromFloat
 0001:0006BEAA       DbiBcdToFloat
 0001:0006BB50       DbiBeginConstraintLayer
 0001:0006BD0C       DbiBeginDelayedUpdates
 0001:0006CA38       DbiBeginLinkMode
 0001:0006C2D6       DbiBeginTran
 0001:0006C6CC       DbiCfgAddRecord
 0001:0006C6E4       DbiCfgBuildPath
 0001:0006C6C0       DbiCfgDropRecord
 0001:0006C6B4       DbiCfgGetHelp
 0001:0006C6D8       DbiCfgGetNextNode
 0001:0006C6D2       DbiCfgGetRecord
 0001:0006C6AE       DbiCfgMerge
 0001:0006C6C6       DbiCfgModifyRecord
 0001:0006C6DE       DbiCfgPosition
 0001:0006C6EA       DbiCfgSave
 0001:0006C6BA       DbiCfgTranslate
 0001:0006C75C       DbiCheckRefresh
 0001:0006BB38       DbiCheckSQLExpression
 0001:0006C852       DbiCloneCursor
 0001:0006BEF2       DbiCloseConfigFile
 0001:0006CAFE       DbiCloseCursor
 0001:0006CB16       DbiCloseDatabase
 0001:0006BE56       DbiCloseFieldXlt
 0001:0006C87C       DbiCloseIndex
 0001:0006C9B4       DbiCloseSession
 0001:0006C858       DbiCompareBookMarks
 0001:0006C7C2       DbiCompareKeys
 0001:0006C834       DbiCopyTable
 0001:0006CA4A       DbiCreateInMemTable
 0001:0006C83A       DbiCreateTable
 0001:0006C798       DbiCreateTempTable
 0001:0006BB20       DbiDatabaseFlush
 0001:0006C888       DbiDateDecode
 0001:0006C88E       DbiDateEncode
 0001:0006C2F4       DbiDeactivateFilter
 0001:0006C684       DbiDebugLayerOptions
 0001:0006BC3A       DbiDeleteAlias
 0001:0006BBB6       DbiDeleteDriver
 0001:0006C81C       DbiDeleteIndex
 0001:0006CABC       DbiDeleteRecord
 0001:0006C828       DbiDeleteTable
 0001:0006DF3D       DbiDLLExit
 0001:0006C804       DbiDoRestructure
 0001:0006BBE0       DbiDRAdd
 0001:0006BCD6       DbiDRAddAttr
 0001:0006BCEE       DbiDRClose
 0001:0006BC70       DbiDRCreate
 0001:0006BC34       DbiDRCreateEnumAttrDomain
 0001:0006BCDC       DbiDRCreateObjectType
 0001:0006BCCA       DbiDRCreateRelationType
 0001:0006BC6A       DbiDRDelete
 0001:0006BC28       DbiDRDeleteEnumAttrDomain
 0001:0006BCBE       DbiDRDeleteObjectType
 0001:0006BCC4       DbiDRDeleteRelationType
 0001:0006BBDA       DbiDRDrop
 0001:0006BCD0       DbiDRDropAttr
 0001:0006BCE2       DbiDRExportToFile
 0001:0006BCA0       DbiDRGetAttrDescs
 0001:0006BCFA       DbiDRGetDesc
 0001:0006BC22       DbiDRGetEnumAttrDomain
 0001:0006BC88       DbiDRGetObjID
 0001:0006BCA6       DbiDRGetObjTypeInfo
 0001:0006BBE6       DbiDRGetRelatedObject
 0001:0006BC9A       DbiDRGetRelTypeInfo
 0001:0006BCE8       DbiDRImportFromFile
 0001:0006BC76       DbiDRLoadDBObject
 0001:0006BC2E       DbiDRModifyEnumAttrDomain
 0001:0006BCF4       DbiDROpen
 0001:0006BCB2       DbiDROpenAttrTypeList
 0001:0006BCB8       DbiDROpenObjectTypeList
 0001:0006BC94       DbiDROpenObjSet
 0001:0006BC8E       DbiDROpenRelSet
 0001:0006BCAC       DbiDROpenRelTypeList
 0001:0006C300       DbiDropFilter
 0001:0006C9A8       DbiDropPassword
 0001:0006BC82       DbiDRSetToObjID
 0001:0006BC7C       DbiDRSetToObjName
 0001:0006C7E0       DbiEmptyTable
 0001:0006BB3E       DbiEndConstraintLayer
 0001:0006BD06       DbiEndDelayedUpdates
 0001:0006CA32       DbiEndLinkMode
 0001:0006C2D0       DbiEndTran
 0001:00071A40       DbiError
 0001:0006DEBD       DbiExit
 0001:0006C86A       DbiExtractKey
 0001:0006C9CC       DbiForceRecordReread
 0001:0006C9D8       DbiForceReread
 0001:0006C78C       DbiFormFullName
 0001:0006C918       DbiFreeBlob
 0001:0006BDA8       DbiFreeSQLRequest
 0001:0006C92A       DbiGetBlob
 0001:0006C912       DbiGetBlobHeading
 0001:0006C930       DbiGetBlobSize
 0001:0006C864       DbiGetBookMark
 0001:0006C756       DbiGetCallBack
 0001:0006C32A       DbiGetClientInfo
 0001:0006C9BA       DbiGetCurrSession
 0001:0006C9D2       DbiGetCursorForTable
 0001:0006CB0A       DbiGetCursorProps
 0001:0006C978       DbiGetDatabaseDesc
 0001:0006C6A8       DbiGetDateFormat
 0001:0006BBFE       DbiGetDefaultRepository
 0001:0006CA9E       DbiGetDirectory
 0001:0006C984       DbiGetDriverDesc
 0001:0006C780       DbiGetErrorContext
 0001:0006C77A       DbiGetErrorEntry
 0001:0006C7B0       DbiGetErrorInfo
 0001:0006C786       DbiGetErrorString
 0001:0006C282       DbiGetExactRecordCount
 0001:0006C89A       DbiGetField
 0001:0006CB04       DbiGetFieldDescs
 0001:0006C960       DbiGetFieldTypeDesc
 0001:0006BE68       DbiGetFilterInfo
 0001:0006C870       DbiGetIndexDesc
 0001:0006BEE6       DbiGetIndexDescs
 0001:0006C816       DbiGetIndexForField
 0001:0006C810       DbiGetIndexSeqNo
 0001:0006C954       DbiGetIndexTypeDesc
 0001:0006C312       DbiGetLdName
 0001:0006C2B2       DbiGetLdNameFromDb
 0001:0006C7A4       DbiGetLdObj
 0001:0006CA20       DbiGetLinkStatus
 0001:0006C8E8       DbiGetNetUserName
 0001:0006CAE6       DbiGetNextRecord
 0001:0006C690       DbiGetNumberFormat
 0001:0006BEC2       DbiGetObjFromName
 0001:0006BE74       DbiGetObjFromObj
 0001:0006CAE0       DbiGetPriorRecord
 0001:0006BECE       DbiGetProp
 0001:0006CADA       DbiGetRecord
 0001:0006CACE       DbiGetRecordCount
 0001:0006C7BC       DbiGetRecordForKey
 0001:0006CAD4       DbiGetRelativeRecord
 0001:0006BE2C       DbiGetRintDesc
 0001:0006CAB6       DbiGetSeqNo
 0001:0006C8EE       DbiGetSesInfo
 0001:0006BDAE       DbiGetSQLRequest
 0001:0006C900       DbiGetSysConfig
 0001:0006C8FA       DbiGetSysInfo
 0001:0006C906       DbiGetSysVersion
 0001:0006C93C       DbiGetTableOpenCount
 0001:0006C96C       DbiGetTableTypeDesc
 0001:0006C69C       DbiGetTimeFormat
 0001:0006C2CA       DbiGetTranInfo
 0001:0006BE32       DbiGetVchkDesc
 0001:0006BBB0       DbiImportODBC
 0001:0006A2E0       DbiInit
 0001:0006DDC2       DbiInitFn
 0001:0006C84C       DbiInitRecord
 0001:0006CAC8       DbiInsertRecord
 0001:0006CA1A       DbiIsRecordLocked
 0001:0006CA14       DbiIsTableLocked
 0001:0006CA0E       DbiIsTableShared
 0001:0006CA2C       DbiLinkDetail
 0001:0006CA08       DbiLinkDetailToExp
 0001:0006C942       DbiLoadDriver
 0001:0006BEE0       DbiMakePermanent
 0001:0006CAC2       DbiModifyRecord
 0001:0006BEDA       DbiNativeToAnsi
 0001:0006C936       DbiOpenBlob
 0001:0006BEFE       DbiOpenCfgInfoList
 0001:0006BEF8       DbiOpenConfigFile
 0001:0006CB1C       DbiOpenDatabase
 0001:0006C97E       DbiOpenDatabaseList
 0001:0006C98A       DbiOpenDriverList
 0001:0006CA68       DbiOpenFamilyList
 0001:0006CA80       DbiOpenFieldList
 0001:0006C966       DbiOpenFieldTypesList
 0001:0006BE44       DbiOpenFieldXlt
 0001:0006CA8C       DbiOpenFileList
 0001:0006BC5E       DbiOpenFunctionArgList
 0001:0006BC64       DbiOpenFunctionList
 0001:0006C882       DbiOpenIndex
 0001:0006CA86       DbiOpenIndexList
 0001:0006C95A       DbiOpenIndexTypesList
 0001:0006CA7A       DbiOpenLdList
 0001:0006C99C       DbiOpenLockList
 0001:0006BB32       DbiOpenNestedTable
 0001:0006BB26       DbiOpenRef
 0001:0006BC0A       DbiOpenRepositoryList
 0001:0006CA6E       DbiOpenRintList
 0001:0006CA50       DbiOpenSecurityList
 0001:0006BBEC       DbiOpenSessionRepository
 0001:0006BDD2       DbiOpenSPList
 0001:0006BDCC       DbiOpenSPParamList
 0001:0006CB10       DbiOpenTable
 0001:0006CA92       DbiOpenTableList
 0001:0006C972       DbiOpenTableTypesList
 0001:0006C9A2       DbiOpenUserList
 0001:0006CA74       DbiOpenVchkList
 0001:0006C7E6       DbiPackTable
 0001:0006C924       DbiPutBlob
 0001:0006C894       DbiPutField
 0001:0006C8AC       DbiQAlloc
 0001:0006C8C4       DbiQExec
 0001:0006C8D0       DbiQExecDirect
 0001:0006BDBA       DbiQExecProcDirect
 0001:0006C8B2       DbiQFree
 0001:0006C8A6       DbiQGetBaseDescs
 0001:0006C8B8       DbiQInstantiateAnswer
 0001:0006C8CA       DbiQPrepare
 0001:0006BDB4       DbiQPrepareExt
 0001:0006BDC6       DbiQPrepareProc
 0001:0006C8BE       DbiQSetParams
 0001:0006BDC0       DbiQSetProcParams
 0001:0006CA44       DbiReadBlock
 0001:0006C7DA       DbiRegenIndex
 0001:0006C7D4       DbiRegenIndexes
 0001:0006C8A0       DbiRegisterCallBack
 0001:0006C9E4       DbiRelPersistTableLock
 0001:0006C9F0       DbiRelRecordLock
 0001:0006C9F6       DbiRelTableLock
 0001:0006C82E       DbiRenameTable
 0001:0006CAAA       DbiResetRange
 0001:0006C9DE       DbiSaveChanges
 0001:0006BBD4       DbiSchemaCacheFlush
 0001:0006C9C0       DbiSetCurrSession
 0001:0006C6A2       DbiSetDateFormat
 0001:0006BC04       DbiSetDefaultRepository
 0001:0006CA98       DbiSetDirectory
 0001:0006C7B6       DbiSetFieldMap
 0001:0006C990       DbiSetLockRetry
 0001:0006C68A       DbiSetNumberFormat
 0001:0006C996       DbiSetPrivateDir
 0001:0006BEC8       DbiSetProp
 0001:0006CAB0       DbiSetRange
 0001:0006C696       DbiSetTimeFormat
 0001:0006CAF8       DbiSetToBegin
 0001:0006C85E       DbiSetToBookMark
 0001:0006CAEC       DbiSetToCursor
 0001:0006CAF2       DbiSetToEnd
 0001:0006CAA4       DbiSetToKey
 0001:0006C80A       DbiSetToRecordNo
 0001:0006C846       DbiSetToSeqNo
 0001:0006C2C4       DbiSortTable
 0001:0006BB5C       DbiSQLTextToCanEx
 0001:0006C9C6       DbiStartSession
 0001:0006C876       DbiSwitchToIndex
 0001:0006C7F8       DbiTimeDecode
 0001:0006C7FE       DbiTimeEncode
 0001:0006C7EC       DbiTimeStampDecode
 0001:0006C7F2       DbiTimeStampEncode
 0001:0006BE5C       DbiTranslateField
 0001:0006BE62       DbiTranslateRecordStructure
 0001:0006C91E       DbiTruncateBlob
 0001:0006C31E       DbiUndeleteRecord
 0001:0006CA26       DbiUnlinkDetail
 0001:0006C79E       DbiUseIdleTime
 0001:0006BE4A       DbiValidateProp
 0001:0006C840       DbiVerifyField
 0001:0006CA3E       DbiWriteBlock
 0001:0006E938       DBLogDlg
 0001:000971C0       DBLookup
 0001:0006E558       DBPWDlg
 0001:0007C130       DBTables
 0001:00083EF8       DBUseRightToLeftAlignment
 0002:00000410       DDBsOnly
 0001:00043188       DeallocateHWnd
 0002:00000008       DebugHook
 0002:000034FB       DecimalSeparator
 0001:00009480       DecodeDate
 0001:00009168       DecodeTime
 0001:00000834       Decommit
 0001:00000E50       DecommitFree
 0002:00003468       decommittedRoot
 0001:00045ADC       Default
 0001:0004A9FC       Default
 0002:00000000       Default8087CW
 0002:00000BA0       DefaultBlank
 0002:0000076C       DefaultDockTreeClass
 0002:00000BDC       DefaultFieldClasses
 0001:00070D08       DefaultSession
 0002:00000614       DefBrushData
 0002:000003E4       DefFontData
 0001:0000657C       DefFrameProc
 0002:00000248       DefLongDayNames
 0002:000001FC       DefLongMonthNames
 0001:00006584       DefMDIChildProc
 0002:000005F4       DefPenData
 0002:0000022C       DefShortDayNames
 0002:000001CC       DefShortMonthNames
 0001:0000658C       DefWindowProc
 0001:000004F0       DeleteBlock
 0001:00000460       DeleteCriticalSection
 0001:00006084       DeleteCriticalSection
 0001:0000630C       DeleteDC
 0001:00006314       DeleteEnhMetaFile
 0001:00000C98       DeleteFree
 0001:00006594       DeleteMenu
 0001:0000631C       DeleteObject
 0001:0009429C       DeletePrompt
 0001:0001DEF4       DeselectBitmap
 0001:0000659C       DestroyCursor
 0001:000065A4       DestroyIcon
 0001:00080DA0       DestroyLocals
 0001:000065AC       DestroyMenu
 0001:000065B4       DestroyWindow
 0001:0004FC18       Dialogs
 0002:00000650       DIBPalSizes
 0002:0000005C       dig
 0002:00001CD8       Direction
 0001:00042D74       DisableTaskWindows
 0001:00052EB8       DispatchInvoke
 0001:00053434       DispatchInvokeError
 0001:000065BC       DispatchMessage
 0001:00048D78       DispatchShortCut
 0001:00053450       DispCall
 0001:00053538       DispCallByID
 0002:00000018       DispCallByIDProc
 0001:00053360       DispCallError
 0001:00058C08       DisposeMem
 0001:00007A98       DivMod
 0001:0004F0E0       Dlgs
 0001:00071570       DLLDetachCallBack
 0001:00049E04       DoAlign
 0001:0002FDEC       DoAlign
 0001:00063910       DoBindFields
 0001:0008977C       DoCalc
 0001:00033CEC       DoCalcConstraints
 0001:000897E4       DoCalcRightToLeft
 0001:00089F50       DoChange
 0002:00003784       DockSiteList
 0001:0003F248       DoClick
 0001:000888F4       DoColWidths
 0001:000312B8       DoControlMsg
 0001:00042D24       DoDisableWindow
 0001:0002B590       DoDragOver
 0001:00009200       DoEncodeDate
 0001:00009080       DoEncodeTime
 0001:00007B4C       DoExitProc
 0001:00035858       DoFindControlZone
 0001:00042E60       DoFindWindow
 0001:00035DBC       DoFindZone
 0001:000358DC       DoForEach
 0001:00037150       DoGetNextLimit
 0001:00042CEC       DoneApplication
 0001:00037DAC       DoneControls
 0001:0000BA74       DoneExceptions
 0001:00047258       DoNestedActivation
 0001:0002FA50       DoPosition
 0001:00049C54       DoPosition
 0001:000367D0       DoPrune
 0001:0004DDE0       DoRect
 0001:00088938       DoRowHeights
 0001:00036C80       DoSaveZone
 0001:00093EDC       DoSelection
 0001:00036E84       DoSetNewBounds
 0001:000883A0       DoSizeAdjust
 0002:00000380       DotSep
 0001:0008B618       DoUpdate
 0002:00001C70       DownStyles
 0001:0002E79C       DoWrite
 0001:0003A190       DoWrite
 0001:0001D040       DoWrite
 0001:0001C22C       DoWrite
 0001:000116A8       DoWrite
 0002:00003768       DragCapture
 0002:0000375C       DragControl
 0001:0002BCDC       DragDone
 0001:0002B540       DragFindTarget
 0001:0002B514       DragFindWindow
 0002:00003764       DragFreeObject
 0002:00003780       DragImageList
 0001:0002B934       DragInit
 0001:0002BAA4       DragInitControl
 0001:0002B498       DragMessage
 0002:00003760       DragObject
 0002:00003774       DragSaveCursor
 0002:0000376C       DragStartPos
 0002:00003778       DragThreshold
 0001:0002B660       DragTo
 0001:0004AA38       DrawAppIcon
 0001:00088CE0       DrawAxisLines
 0002:0000394C       DrawBitmap
 0001:00088F28       DrawCells
 0001:00036334       DrawCloseButton
 0001:000065C4       DrawEdge
 0001:000065CC       DrawFocusRect
 0001:000065D4       DrawFrameControl
 0001:0003638C       DrawGrabberLine
 0001:000065DC       DrawIcon
 0001:000065E4       DrawIconEx
 0002:0000089C       DrawingStyles
 0001:00088E98       DrawLines
 0001:000065EC       DrawMenuBar
 0001:00040520       DrawMenuItem
 0001:000065F4       DrawText
 0001:00093290       DrawTitleCell
 0001:0007DE30       DsgnIntf
 0001:0006BB4A       DsProviderGetDataPacket
 0001:0006BB44       DsResolver
 0001:0001B06C       DupBits
 0001:00004A9C       DynArrayClear
 0001:00004AA4       DynArraySetLength
 0001:00071B58       EDBEngineError.Create
 0001:00071E74       EDBEngineError.Destroy
 0001:00071EC8       EDBEngineError.GetError
 0002:00000980       EdgeStyle
 0002:00000854       EdgeStyles
 0002:00001BA8       EditorGroupList
 0001:0000B478       EHeapException.FreeInstance
 0001:0009A240       EmitMessage
 0002:000006E8       Empty
 0001:000065FC       EmptyClipboard
 0002:00003414       EmptyParam
 0002:00000120       EmptyStr
 0001:00006604       EnableMenuItem
 0002:00000918       Enables
 0001:0000660C       EnableScrollBar
 0001:00042E28       EnableTaskWindows
 0001:00006614       EnableWindow
 0001:000092C8       EncodeDate
 0001:000090F0       EncodeTime
 0001:000100DC       EndGlobalLoading
 0001:0000661C       EndPaint
 0002:00001B44       EndType
 0001:0000608C       EnterCriticalSection
 0001:00000450       EnterCriticalSection
 0001:00006094       EnumCalendarInfoA
 0001:00006624       EnumClipboardFormats
 0002:000036DC       EnumDisplayMonitors
 0001:0000AC84       EnumEraNames
 0001:0000ACC0       EnumEraYearOffsets
 0001:000493B4       EnumMonitorsProc
 0001:0000662C       EnumThreadWindows
 0001:00013504       EnumValue
 0001:00006634       EnumWindows
 0001:00052BE8       EOleException.Create
 0001:00052B18       EOleSysError.Create
 0001:0000663C       EqualRect
 0002:000035C0       EraNames
 0001:0000A374       EraToYear
 0002:000035DC       EraYearOffsets
 0002:00000054       errCaption
 0001:0006A2D8       ErrCat
 0001:0003B5C8       Error
 0001:00001814       Error
 0001:00012DEC       Error
 0002:00003040       ErrorAddr
 0001:0000B524       ErrorHandler
 0002:00000264       ErrorMap
 0002:00003004       ErrorProc
 0001:000589B4       EUpdateError.Create
 0001:00058A58       EUpdateError.Destroy
 0002:00000D38       Events
 0001:0000B020       ExceptAddr
 0002:00003008       ExceptClsProc
 0001:0000B998       ExceptHandler
 0001:0000B2A4       Exception.Create
 0001:0000B2E0       Exception.CreateFmt
 0001:0000B430       Exception.CreateHelp
 0001:0000B360       Exception.CreateRes
 0001:0000B39C       Exception.CreateResFmt
 0002:00003010       ExceptionClass
 0001:0000B044       ExceptionErrorMessage
 0002:0000029C       ExceptMap
 0001:0000B008       ExceptObject
 0002:0000300C       ExceptObjProc
 0002:00003000       ExceptProc
 0001:00006324       ExcludeClipRect
 0002:00003038       ExitCode
 0001:00002B08       ExitDll
 0002:0000303C       ExitProc
 0001:000002C4       ExitProcess
 0002:00000194       ExitProcList
 0001:0000632C       ExtCreatePen
 0001:0004F0A8       ExtCtrls
 0002:00000740       ExtendSelects
 0001:00058D40       ExtractFieldName
 0001:0000837C       ExtractFileExt
 0001:00008344       ExtractFileName
 0001:00008310       ExtractFilePath
 0002:00001B4C       Exts
 0001:00006334       ExtTextOut
 0001:0000609C       FatalAppExitA
 0002:00003744       FClipboard
 0002:00000D0C       FConst10
 0002:000038B4       FCSect
 0001:00094808       FieldIsMapped
 0002:00000C6C       FieldTypeNames
 0001:00008218       FileAge
 0001:00008210       FileClose
 0001:00008188       FileCreate
 0001:00008280       FileExists
 0002:00000648       FileFormats
 0002:0000304A       FileMode
 0001:00008148       FileOpen
 0001:000081AC       FileRead
 0002:00000388       FilerSignature
 0001:000083C4       FileSearch
 0001:00008204       FileSeek
 0001:000060A4       FileTimeToDosDateTime
 0001:000060AC       FileTimeToLocalFileTime
 0001:000081D8       FileWrite
 0001:00000D80       FillAfterGap
 0001:00000D2C       FillBeforeGap
 0001:00088C8C       FillDWord
 0001:00000E18       FillerSizeAfterGap
 0001:00000DA8       FillerSizeBeforeGap
 0001:00006644       FillRect
 0002:00001C78       FillStyles
 0001:00005FF4       Finalization
 0001:0003A6CC       Finalization
 0001:0005368C       Finalization
 0001:00038D94       Finalization
 0001:00037F2C       Finalization
 0001:00006F60       Finalization
 0001:00099EB0       Finalization
 0001:00017FC8       Finalization
 0001:000AF214       Finalization
 0001:00099E78       Finalization
 0001:00006C50       Finalization
 0001:00086E78       Finalization
 0001:00066264       Finalization
 0001:0007C0B8       Finalization
 0001:0007C1A0       Finalization
 0001:000972A8       Finalization
 0001:0007C1D8       Finalization
 0001:0007C210       Finalization
 0001:00006C18       Finalization
 0001:00020ECC       Finalization
 0001:0000E3AC       Finalization
 0001:0007DB64       Finalization
 0001:0007DBFC       Finalization
 0001:0006A2A0       Finalization
 0001:00021228       Finalization
 0001:000213C0       Finalization
 0001:0007DC4C       Finalization
 0001:00082844       Finalization
 0001:00097270       Finalization
 0001:00081A2C       Finalization
 0001:00097158       Finalization
 0001:00097190       Finalization
 0001:00080E38       Finalization
 0001:000971C8       Finalization
 0001:0008D8C8       Finalization
 0001:00097200       Finalization
 0001:00097238       Finalization
 0001:00052934       Finalization
 0001:000528E4       Finalization
 0001:00099EE8       Finalization
 0001:000AD6D4       Finalization
 0001:0004080C       Finalization
 0001:0004FE9C       Finalization
 0001:000ADBB4       Finalization
 0001:0004FBBC       Finalization
 0001:000ADBEC       Finalization
 0001:0007DC9C       Finalization
 0001:00099F4C       Finalization
 0001:0004F0B0       Finalization
 0001:0004F078       Finalization
 0001:00005D58       Finalization
 0001:0006DFA4       Finalization
 0001:0006E00C       Finalization
 0001:0000D460       Finalization
 0001:0006E528       Finalization
 0001:0000D690       Finalization
 0001:0006E908       Finalization
 0001:0006EA20       Finalization
 0001:0000DA90       Finalization
 0001:00021B4C       Finalization
 0001:0004CA50       Finalization
 0001:0004CA18       Finalization
 0001:0004C9E0       Finalization
 0001:00021B8C       Finalization
 0001:0004C9A8       Finalization
 0001:000ADE74       Finalization
 0001:0004C970       Finalization
 0001:00021BD4       Finalization
 0001:0007DDAC       Finalization
 0001:000AEBD8       Finalization
 0001:0004C938       Finalization
 0001:0004C8BC       Finalization
 0001:000287A4       Finalization
 0001:00021C0C       Finalization
 0001:000285EC       Finalization
 0001:00021F68       Finalization
 0001:0002804C       Finalization
 0001:000AF1DC       Finalization
 0001:00021C44       Finalization
 0001:00004A94       FinalizeArray
 0001:0003F05C       Find
 0001:000158B8       FindAncestor
 0001:00004D00       FindBS
 0001:0000FA9C       FindClass
 0001:00004CD4       FindClassHInstance
 0001:000060B4       FindClose
 0001:000002D4       FindClose
 0001:00000CFC       FindCommitted
 0001:0002A73C       FindControl
 0001:00035FC4       FindControlAtPos
 0001:0002BF88       FindDragTarget
 0001:00013D54       FindExistingComponent
 0001:000002DC       FindFirstFile
 0001:000060C4       FindFirstFile
 0001:000060BC       FindFirstFileA
 0002:0000361C       FindGlobalComponent
 0001:00042F6C       FindGlobalComponent
 0001:00004CAC       FindHInstance
 0001:0000FEC0       FindIdentToInt
 0001:0000FE3C       FindIntToIdent
 0002:00003820       FindMsg
 0001:000130A0       FindNestedComponent
 0001:0003B594       FindPopupControl
 0001:000060CC       FindResource
 0001:00004CDC       FindResourceHInstance
 0001:0004C26C       FindScanline
 0001:00042EC4       FindTopMostWindow
 0001:00014C24       FindUniqueName
 0001:0002BF54       FindVCLWindow
 0001:0000664C       FindWindow
 0001:0000298C       FInitUnits
 0001:0001E2EC       FixupBitFields
 0002:00000990       Flags
 0002:00003608       FLanguages
 0001:00021F98       FlatSB
 0002:00003704       FlatSB_EnableScrollBar
 0002:00003710       FlatSB_GetScrollInfo
 0002:00003714       FlatSB_GetScrollPos
 0002:0000370C       FlatSB_GetScrollRange
 0002:0000371C       FlatSB_SetScrollInfo
 0002:00003718       FlatSB_SetScrollPos
 0001:00021C88       FlatSB_SetScrollProp
 0002:00003720       FlatSB_SetScrollRange
 0002:00003708       FlatSB_ShowScrollBar
 0002:00001A94       FldSubTypeMap
 0002:00001A70       FldTypeMap
 0001:0000D15D       FloatToDecimal
 0001:00008D60       FloatToStr
 0001:00008DC0       FloatToStrF
 0001:0000CBBA       FloatToText
 0001:0000CE8A       FloatToTextFmt
 0002:000001C0       FMSecsPerDay
 0001:00008C98       FmtStr
 0002:000009A8       FocusCount
 0002:000009A4       FocusMessages
 0002:00000564       FontCharsets
 0002:0000369C       FontManager
 0001:00042F40       ForegroundTask
 0001:00008C84       Format
 0002:000001C8       Format
 0001:00008824       FormatBuf
 0001:00008818       FormatClearStr
 0001:00008ED0       FormatCurr
 0001:000087AC       FormatError
 0002:000001B8       FormatErrorStrs
 0001:00008E30       FormatFloat
 0001:00050A24       FormatMaskText
 0001:0009A248       FormatMessage
 0001:000060D4       FormatMessage
 0001:00008804       FormatVarToStr
 0002:00003930       FormLogon
 0002:00003938       FormPassword
 0001:0004C910       Forms
 0001:00087AB8       ForwardMovement
 0001:000057FC       FPower10
 0002:000006A0       FPrinter
 0001:0004DEA4       Frame3D
 0001:00006654       FrameRect
 0001:0000C834       FreeAndNil
 0001:00077384       FreeBuffer
 0001:00000A68       FreeCommitted
 0001:00000F70       FreeCurAlloc
 0001:0002C048       FreeDeviceContext
 0001:0002C104       FreeDeviceContexts
 0001:00017F54       FreeIntConstList
 0001:000002E4       FreeLibrary
 0001:000060DC       FreeLibrary
 0001:0001DE48       FreeMemoryContexts
 0001:000430B0       FreeObjectInstance
 0001:000060F4       FreeResource
 0001:000006E8       FreeSpace
 0001:00071224       FreeStatementLocale
 0001:0000C4E8       FreeTerminateProcs
 0001:00016FD0       FreeThreadWindow
 0001:000714EC       FreeTimer
 0002:000038EC       FRichEditModule
 0002:00003988       frmAbout
 0002:00003998       frmMain
 0002:000039A0       frmViewUsers
 0001:0000C604       GDAL
 0001:0001B05C       GDICheck
 0001:0001AFB4       GDIError
 0001:0000633C       GdiFlush
 0001:0000665C       GetActiveWindow
 0001:0004A2D8       GetAnimation
 0001:0004F0F0       GetAveCharSize
 0001:0007E998       GetBitBtnGlyph
 0001:00006344       GetBitmapBits
 0001:00000468       GetBlockDesc
 0001:0000634C       GetBrushOrgEx
 0001:00006664       GetCapture
 0001:0002A9C4       GetCaptureControl
 0001:0000F9EC       GetClass
 0001:0000666C       GetClassInfo
 0001:00006674       GetClientRect
 0001:0000667C       GetClipboardData
 0001:0001CAC0       GetClipboardFormats
 0001:00006354       GetClipBox
 0001:00000404       GetCmdShow
 0001:00038FB0       GetColor
 0001:000002EC       GetCommandLine
 0001:000008B4       GetCommitted
 0001:00000944       GetCommittedAt
 0001:000166A4       GetComponentValue
 0001:00030DFC       GetControlAtPos
 0001:00009608       GetCount
 0001:000060FC       GetCPInfo
 0001:00006104       GetCurrentDirectoryA
 0001:0000635C       GetCurrentPositionEx
 0001:0000610C       GetCurrentProcessId
 0001:00006114       GetCurrentThreadId
 0001:0000534C       GetCurrentThreadId
 0001:00006A68       GetCurrentTime
 0001:00006684       GetCursor
 0001:0004C27C       GetCursorHeightMargin
 0001:0000668C       GetCursorPos
 0001:00009634       GetDate
 0001:0000611C       GetDateFormat
 0001:0000A298       GetDateOrder
 0001:00006694       GetDC
 0001:0000669C       GetDCEx
 0001:00006364       GetDCOrgEx
 0001:00078524       GetDefaultExpression
 0001:00020AD8       GetDefFontCharSet
 0001:0001131C       GetDesigner
 0001:000066A4       GetDesktopWindow
 0001:0000637C       GetDeviceCaps
 0001:0001BFBC       GetDIB
 0001:0000636C       GetDIBColorTable
 0001:00006374       GetDIBits
 0001:0001BF04       GetDIBSizes
 0001:0001B1CC       GetDInColors
 0001:00006124       GetDiskFreeSpaceA
 0002:00000190       GetDiskFreeSpaceEx
 0001:00037210       GetDockAlign
 0001:0002B2EC       GetDockSiteAtPos
 0001:000066AC       GetDoubleClickTime
 0001:0002B5CC       GetDropCtl
 0001:00002158       GetDynaMethod
 0001:00099EE0       GetEmployeeID
 0001:00006384       GetEnhMetaFileBits
 0001:0000638C       GetEnhMetaFileHeader
 0001:00006394       GetEnhMetaFilePaletteEntries
 0001:0000DB00       GetEnumName
 0001:0000DBE0       GetEnumNameValue
 0001:0000DC2C       GetEnumValue
 0001:00097F08       GetEnvUserAndPW
 0001:0000AD38       GetEraNamesAndYearOffsets
 0001:0000A320       GetEraYearOffset
 0001:0000D67C       GetErrorInfo
 0001:00071AE8       GetErrorString
 0001:0000B6EC       GetExceptionClass
 0001:0000B8CC       GetExceptionObject
 0001:0000FABC       GetFieldClass
 0001:0000F974       GetFieldClassTable
 0001:0007839C       GetFieldConstraint
 0001:00067104       GetFieldInfo
 0001:00058B90       GetFieldProperty
 0001:00070E80       GetFieldSource
 0001:0001CAA0       GetFileFormats
 0001:00000274       GetFileSize
 0001:0000026C       GetFileType
 0001:0000E12C       GetFloatProp
 0001:000066B4       GetFocus
 0001:00019978       GetFontData
 0001:000066BC       GetForegroundWindow
 0001:0000C0AC       GetFormatSettings
 0001:00018FCC       GetHashCode
 0001:000744EC       GetHashCode
 0001:0004A0C4       GetHint
 0001:0004A0F4       GetHintControl
 0001:000406AC       GetHotkey
 0001:000066C4       GetIconInfo
 0001:000531E8       GetIDsOfNames
 0001:00066D90       GetIndexForOrderBy
 0001:0000E348       GetInt64Prop
 0001:0007187C       GetIntProp
 0001:000066DC       GetKeyboardLayout
 0001:000066E4       GetKeyboardLayoutList
 0001:000066EC       GetKeyboardState
 0001:00001DE4       GetKeyboardType
 0001:000066CC       GetKeyNameText
 0001:000066D4       GetKeyState
 0001:000066F4       GetLastActivePopup
 0001:0000612C       GetLastError
 0001:000002F4       GetLastError
 0001:0000AAFC       GetLocaleChar
 0001:000002FC       GetLocaleInfo
 0001:0000613C       GetLocaleInfo
 0001:0000AAB0       GetLocaleStr
 0001:00006134       GetLocalTime
 0001:0002A980       GetLongHint
 0001:0000DF08       GetLongStrProp
 0001:000066FC       GetMenu
 0001:00047BC4       GetMenuHelpContext
 0001:00006704       GetMenuItemCount
 0001:0000670C       GetMenuItemID
 0001:00006714       GetMenuItemInfo
 0001:0003D988       GetMenuSize
 0001:0000671C       GetMenuState
 0001:00006724       GetMenuString
 0001:0000672C       GetMessageTime
 0001:0000E2D0       GetMethodProp
 0001:00006144       GetModuleFileName
 0001:00000304       GetModuleFileName
 0001:00005EB8       GetModuleFileName
 0001:00005EC0       GetModuleHandle
 0001:00006154       GetModuleHandle
 0001:0000030C       GetModuleHandle
 0001:0000614C       GetModuleHandleA
 0002:000036D8       GetMonitorInfo
 0002:000036D0       GetMonitorInfoA
 0002:000036D4       GetMonitorInfoW
 0001:0000AB60       GetMonthDayNames
 0001:0000639C       GetNearestColor
 0001:00006734       GetNextWindow
 0001:000063A4       GetObject
 0002:000038AC       GetObjectContextProc
 0001:0000DD30       GetOrdProp
 0001:000063AC       GetPaletteEntries
 0001:00071060       GetParamData
 0001:00070FC0       GetParamDataSize
 0001:00001924       GetParamStr
 0001:0000673C       GetParent
 0001:000432FC       GetParentForm
 0001:00066F94       GetPChar
 0001:00070D10       GetPChar
 0001:00078384       GetPChar
 0001:000063B4       GetPixel
 0001:0000615C       GetProcAddress
 0001:00000314       GetProcAddress
 0001:00006744       GetProp
 0001:0000DC40       GetPropInfo
 0001:0000DCAC       GetPropInfos
 0001:000437BC       GetRealScrollPosition
 0001:00038F90       GetRGBColor
 0001:0000674C       GetScrollInfo
 0001:00006754       GetScrollPos
 0001:0000675C       GetScrollRange
 0001:0002A93C       GetShortHint
 0001:0000DE00       GetShortStrProp
 0001:0000DE98       GetShortStrPropAsLongStr
 0001:0000060C       GetSpace
 0001:00000670       GetSpaceAt
 0001:0003B620       GetSpecialName
 0001:000664E4       GetSQLToken
 0001:0000031C       GetStartupInfo
 0001:0007463C       GetStatementHandle
 0001:000711E0       GetStatementLocale
 0001:0000027C       GetStdHandle
 0001:00074558       GetStmtInfo
 0001:000063BC       GetStockObject
 0001:0000E0C0       GetStrProp
 0001:00006764       GetSubMenu
 0001:0000676C       GetSysColor
 0001:00006164       GetSystemDirectory
 0001:0000616C       GetSystemInfo
 0001:00006774       GetSystemMenu
 0001:0000677C       GetSystemMetrics
 0002:000036C0       GetSystemMetrics
 0001:000063C4       GetSystemPaletteEntries
 0001:00078498       GetTableConstraint
 0001:00066C88       GetTableNameFromSQL
 0001:000063D4       GetTextExtentPoint
 0001:000063CC       GetTextExtentPoint32
 0001:000063DC       GetTextMetrics
 0001:00000324       GetThreadLocale
 0001:00006174       GetThreadLocale
 0001:0000617C       GetTickCount
 0001:0000966C       GetTime
 0001:0004A7E8       GetTopMostWindows
 0001:0002AACC       GetTopParent
 0001:00006784       GetTopWindow
 0001:0000DAF4       GetTypeData
 0001:00004528       GetVarArray
 0001:0000E250       GetVariantProp
 0001:00006184       GetVersion
 0001:0000618C       GetVersionEx
 0001:0000DF9C       GetWideStrProp
 0001:0000E01C       GetWideStrPropAsLongStr
 0001:0000678C       GetWindow
 0001:00006794       GetWindowDC
 0001:0000679C       GetWindowLong
 0001:000063EC       GetWindowOrgEx
 0001:000067A4       GetWindowPlacement
 0001:000067AC       GetWindowRect
 0001:00006194       GetWindowsDirectory
 0001:000067B4       GetWindowText
 0001:000067BC       GetWindowThreadProcessId
 0001:000063E4       GetWinMetaFileBits
 0001:0000619C       GlobalAddAtom
 0001:000061A4       GlobalAlloc
 0001:00006A74       GlobalAllocPtr
 0001:000061AC       GlobalDeleteAtom
 0002:00003630       GlobalFixupList
 0001:000131E8       GlobalFixupReferences
 0001:000061B4       GlobalFree
 0001:00006AA0       GlobalFreePtr
 0001:000061C4       GlobalHandle
 0001:000061BC       GlobalLock
 0002:00003618       GlobalNameSpace
 0001:000061CC       GlobalReAlloc
 0001:00006A84       GlobalReAllocPtr
 0001:000061D4       GlobalUnlock
 0002:00001C68       GlyphCache
 0001:00020FA0       Graphics
 0001:00087440       GridRect
 0001:0008D8F8       Grids
 0002:00001B80       GripStyles
 0002:00000368       GUID_NULL
 0002:00003974       g_sLoginName
 0002:00003978       g_sPassword
 0001:0001441C       HandleException
 0002:00000004       HeapAllocFlags
 0002:00003434       heapErrorCode
 0002:00003438       heapLock
 0002:0000381C       HelpMsg
 0002:0000018C       HexDisplayPrefix
 0002:000006D8       HideSelections
 0002:000034DC       HInstance
 0002:000037EC       HintDoneEvent
 0001:0004A1C4       HintGetMsgHook
 0002:000037F0       HintHook
 0001:0004A168       HintMouseThread
 0002:000037F4       HintThread
 0002:000037E8       HintThreadID
 0001:0004A114       HintTimerProc
 0002:000009A0       HintWindowClass
 0001:0004A208       HookHintHooks
 0001:00006B20       HwndMSWheel
 0002:00000934       IBreaks
 0002:00000940       IChecks
 0002:00000B08       IconIDs
 0002:00000948       IDefaults
 0001:00019968       IdentToCharset
 0001:00019760       IdentToColor
 0001:0002A92C       IdentToCursor
 0001:0000FF44       IdentToInt
 0002:00000950       IEnables
 0001:0003E688       IfHotkeyAvailable
 0001:00021314       ImageList_Add
 0001:00021334       ImageList_AddIcon
 0001:00021360       ImageList_BeginDrag
 0001:000212FC       ImageList_Create
 0001:00021304       ImageList_Destroy
 0001:00021370       ImageList_DragEnter
 0001:00021378       ImageList_DragLeave
 0001:00021380       ImageList_DragMove
 0001:00021390       ImageList_DragShowNolock
 0001:00021340       ImageList_Draw
 0001:00021350       ImageList_DrawEx
 0001:00021368       ImageList_EndDrag
 0001:0002132C       ImageList_GetBkColor
 0001:00021398       ImageList_GetDragImage
 0001:000213B0       ImageList_GetIconSize
 0001:0002130C       ImageList_GetImageCount
 0001:000213A0       ImageList_Read
 0001:00021358       ImageList_Remove
 0001:00021348       ImageList_Replace
 0001:0002131C       ImageList_ReplaceIcon
 0001:00021324       ImageList_SetBkColor
 0001:00021388       ImageList_SetDragCursorImage
 0001:000213B8       ImageList_SetIconSize
 0001:000213A8       ImageList_Write
 0002:000008AC       Images
 0001:0003A6FC       ImgList
 0001:00021BBC       Imm
 0002:00000888       IMM32DLL
 0001:00037D3C       Imm32GetContext
 0001:00037D98       Imm32IsIME
 0001:00037D50       Imm32ReleaseContext
 0001:00037D80       Imm32SetCompositionFont
 0001:00037D68       Imm32SetCompositionWindow
 0002:000001C4       IMSecsPerDay
 0001:000874E0       Includes
 0001:000067C4       InflateRect
 0002:00001954       INFO_IDAPI32
 0001:0007DC44       IniFiles
 0001:00000AF4       InitAllocator
 0001:000213F8       InitAnApi
 0002:000036E8       InitApis
 0001:00021268       InitComCtl
 0001:0007CD3C       InitCommonControl
 0001:00021260       InitCommonControls
 0001:000212C8       InitCommonControlsEx
 0001:00053614       InitComObj
 0001:00010150       InitComponent
 0002:000034A4       InitContext
 0001:00037E20       InitControls
 0001:00042FEC       InitCtl3D
 0001:0007C094       InitDBTables
 0001:0009A518       InitDecompressor
 0001:0009B560       InitDefaults
 0001:00020B1C       InitDefFontData
 0001:0000C684       InitDriveSpacePtr
 0001:0000B9A8       InitExceptions
 0001:00021CE4       InitFlatSB
 0001:0004FA68       InitGlobals
 0001:0001BDBC       InitializeBitmapInfoHeader
 0001:000061DC       InitializeCriticalSection
 0001:00000448       InitializeCriticalSection
 0002:00003430       initialized
 0001:00021CBC       InitializeFlatSB
 0001:00005F74       InitializeModule
 0001:00037934       InitIMM32
 0001:000101F8       InitInheritedComponent
 0001:00021AE0       InitMultiMonStubs
 0001:0000BAE0       InitPlatformId
 0002:00003034       InitProc
 0001:00020AA0       InitScreenLogPixels
 0001:0000BFF4       InitSysLocale
 0001:00005EE0       InitThreadTLS
 0001:000029EC       InitUnits
 0001:0002A684       InitWndProc
 0002:00000834       InnerStyles
 0002:00003050       Input
 0001:00049BF4       InsertBefore
 0001:0002F9F0       InsertBefore
 0001:00000EE8       InsertFree
 0001:0003E73C       InsertHotkeyFarEastFormat
 0001:000067CC       InsertMenu
 0001:000067D4       InsertMenuItem
 0002:000037E0       InstBlockList
 0002:000037E4       InstFreeList
 0002:0000362C       IntConstList
 0002:00000748       IntegralHeights
 0001:000003FC       InterlockedDecrement
 0001:000060E4       InterlockedDecrement
 0001:000060EC       InterlockedIncrement
 0001:000003F4       InterlockedIncrement
 0001:0000933C       InternalDecodeDate
 0001:00018F58       InternalDeletePalette
 0001:00000D5C       InternalFreeMem
 0001:0001BF0C       InternalGetDIB
 0001:0001BEA0       InternalGetDIBSizes
 0002:00001BB0       InternalPropertyCategoryList
 0001:0000FFC8       InternalReadComponentRes
 0001:000063F4       IntersectClipRect
 0001:000067DC       IntersectRect
 0001:0000FF84       IntToIdent
 0001:000080C4       IntToStr
 0001:000067E4       InvalidateRect
 0001:0001AF3C       InvalidBitmap
 0001:0001AF24       InvalidGraphic
 0001:0001AF48       InvalidIcon
 0001:0001AF54       InvalidMetafile
 0001:00087428       InvalidOp
 0001:0001AF0C       InvalidOperation
 0001:0009A1B4       InvalidOperation
 0002:00003604       InvalidPointer
 0001:00002010       InvokeImplGetter
 0001:000018CC       IOResult
 0002:00000970       IOwnerDraw
 0002:00000958       IRadios
 0002:00000968       IRTL
 0001:0004328C       IsAccel
 0001:0003F7FC       IsAccelChar
 0001:0002B0A4       IsBeforeTargetWindow
 0001:000067EC       IsCharAlpha
 0001:000067F4       IsCharAlphaNumeric
 0001:000067FC       IsChild
 0002:00003048       IsConsole
 0001:000061E4       IsDBCSLeadByte
 0001:00016614       IsDefault
 0001:00016524       IsDefault
 0001:000162C4       IsDefaultValue
 0001:00016AC0       IsDefaultValue
 0001:00016988       IsDefaultValue
 0001:0001648C       IsDefaultValue
 0001:000163E8       IsDefaultValue
 0001:0002B4F0       IsDelphiHandle
 0001:00006804       IsDialogMessage
 0001:00071830       IsDirectory
 0002:00000960       ISeparators
 0001:0000D654       IsEqualIID
 0001:00099EA8       IsgCSsec
 0001:0000680C       IsIconic
 0001:0003F858       IsInitialChar
 0001:000520AC       IsKatakana
 0001:0006883C       IsKatakana
 0001:000091C4       IsLeapYear
 0002:00003028       IsLibrary
 0001:000613C0       IsLiteral
 0001:0005068C       IsLiteralChar
 0002:00003049       IsMultiThread
 0001:0006722C       IsNumeric
 0001:00006814       IsRectEmpty
 0001:0002B2A8       IsSiteChildOfClient
 0001:0000DD00       IsStoredProp
 0001:00067248       IsTemporal
 0001:00008060       IsValidIdent
 0001:0000681C       IsWindow
 0001:00006824       IsWindowEnabled
 0001:0000682C       IsWindowVisible
 0001:00006834       IsZoomed
 0001:0003B9EC       Iterate
 0001:0003BA4C       IterateMenus
 0001:00099F7C       jconsts
 0002:0000000C       JITEnable
 0001:000AD714       jpeg
 0002:00001D00       JPEGDefaults
 0001:0009A1CC       JpegError
 0001:0009D1EC       jpeg_calc_output_dimensions
 0001:0009B910       jpeg_consume_input
 0001:000A7C88       jpeg_CreateCompress
 0001:0009B5A0       jpeg_CreateDecompress
 0001:000A6FDC       jpeg_destroy
 0001:0009B668       jpeg_destroy_decompress
 0001:000A7D98       jpeg_finish_compress
 0001:0009BA24       jpeg_finish_decompress
 0001:0009D0D4       jpeg_finish_output
 0001:0009B9F0       jpeg_has_multiple_scans
 0001:0009B8A4       jpeg_read_header
 0001:0009CF38       jpeg_read_scanlines
 0001:000A7464       jpeg_set_colorspace
 0001:000A7300       jpeg_set_defaults
 0001:000A723C       jpeg_set_quality
 0001:000A78CC       jpeg_simple_progression
 0001:000A7AB0       jpeg_start_compress
 0001:0009CDB4       jpeg_start_decompress
 0001:0009D074       jpeg_start_output
 0001:000A7100       jpeg_stdio_dest
 0001:0009CD48       jpeg_stdio_src
 0002:00001D08       jpeg_std_error
 0001:000A7B1C       jpeg_write_scanlines
 0001:00043240       KeyboardStateToShiftState
 0001:00043204       KeyDataToShiftState
 0001:000431B0       KeysToShiftState
 0001:0008ECE8       KillMessage
 0001:0000683C       KillTimer
 0001:000082C0       LastDelimiter
 0002:0000016C       LeadBytes
 0001:00000458       LeaveCriticalSection
 0001:000061EC       LeaveCriticalSection
 0001:00087B44       LeftSide
 0002:0000001C       LibModuleList
 0001:0008A55C       LinePos
 0001:000063FC       LineTo
 0001:0002BFD0       ListAdd
 0001:0002BFF8       ListRemove
 0002:000035F8       ListSeparator
 0001:00006844       LoadBitmap
 0001:00052CB4       LoadComExProcs
 0001:0000684C       LoadCursor
 0001:00062084       LoadFromBitmap
 0001:000620E4       LoadFromStrings
 0001:00006854       LoadIcon
 0001:0000685C       LoadKeyboardLayout
 0001:000061FC       LoadLibrary
[...]
 0002:000037B4       _ImmIsIME
 0002:000037B8       _ImmNotifyIME
 0002:000037BC       .7
 0002:000037C0       .3
 0002:000037C4       PopupList
 0002:000037C8       ShortCutItems
 0002:000037CC       .9
 0002:000037D0       CommandPool
 0002:000037D4       Application
 0002:000037D8       Screen
 0002:000037DC       .51
 0002:000037E0       InstBlockList
 0002:000037E4       InstFreeList
 0002:000037E8       HintThreadID
 0002:000037EC       HintDoneEvent
 0002:000037F0       HintHook
 0002:000037F4       HintThread
 0002:000037F8       .1
 0002:000037FC       .1
 0002:00003800       .1
 0002:00003804       .1
 0002:00003808       .1
 0002:0000380C       .1
 0002:00003810       .61
 0002:00003814       .1
 0002:00003818       .01
 0002:0000381C       HelpMsg
 0002:00003820       FindMsg
 0002:00003824       ButtonWidths
 0002:00003850       .1
 0002:00003854       .6
 0002:00003858       .1
 0002:0000385C       .61
 0002:00003860       OleUninitializing
 0002:00003864       ComClassManagerVar
 0002:00003868       SaveInitProc
 0002:0000386C       NeedToUninitialize
 0002:00003870       .16
 0002:00003874       .3
 0002:00003878       .1
 0002:0000387C       .
 0002:00003894       .1
 0002:00003898       .2
 0002:0000389C       .2
 0002:000038A0       .1
 0002:000038A4       Session
 0002:000038A8       Sessions
 0002:000038AC       GetObjectContextProc
 0002:000038B0       .22
 0002:000038B4       FCSect
 0002:000038CC       BDEInitProcs
 0002:000038D0       SaveInitProc
 0002:000038D4       NeedToUninitialize
 0002:000038D8       .1
 0002:000038DC       .4
 0002:000038E0       .1
 0002:000038E4       .45
 0002:000038E8       ShellModule
 0002:000038EC       FRichEditModule
 0002:000038F0       .4
 0002:000038F4       .2
 0002:000038F8       .5
 0002:000038FC       .45
 0002:00003900       .3
 0002:00003904       BitBtnGlyphs
 0002:00003930       FormLogon
 0002:00003934       .2
 0002:00003938       FormPassword
 0002:0000393C       .2
 0002:00003940       .22
 0002:00003944       .9
 0002:00003948       .9
 0002:0000394C       DrawBitmap
 0002:00003950       UserCount
 0002:00003954       .5
 0002:00003958       .3
 0002:0000395C       .2
 0002:00003960       .3
 0002:00003964       .2
 0002:00003968       .3
 0002:0000396C       .3
 0002:00003970       .2
 0002:00003974       g_sLoginName
 0002:00003978       g_sPassword
 0002:0000397C       .1
 0002:00003980       .1
 0002:00003984       .3
 0002:00003988       frmAbout
 0002:0000398C       .2
 0002:00003990       .1
 0002:00003994       .1
 0002:00003998       frmMain
 0002:0000399C       .2
 0002:000039A0       frmViewUsers
 0002:000039A4       .2


Line numbers for DsgnIntf(DsgnIntf.pas) segment .text

  4481 0001:0007DDAC  4482 0001:0007DDCF  4483 0001:0007DDD9  4484 0001:0007DDE3
  4485 0001:0007DDED  4486 0001:0007DE2B  4478 0001:0007DE30  4480 0001:0007DE37

Line numbers for CSLogon(CSLogon.pas) segment .text

    48 0001:000810E4    49 0001:000810EB    50 0001:000810F2    52 0001:000810FF
    53 0001:0008110C    54 0001:00081119    55 0001:00081123    56 0001:0008112E
    58 0001:0008113D    61 0001:00081147    62 0001:00081153    67 0001:000811A0
    68 0001:000811C8    69 0001:000811CF    74 0001:0008125F    75 0001:00081266
    78 0001:0008126B    80 0001:00081282    81 0001:0008128A    82 0001:0008128D
    85 0001:000812A2    88 0001:000812AF    89 0001:000812BF    90 0001:000812CA
    91 0001:000812D5    92 0001:0008130E    93 0001:00081322    94 0001:00081332
    96 0001:00081345    97 0001:0008134C    99 0001:00081364   100 0001:00081379
   101 0001:0008137C   103 0001:0008138B   109 0001:00081411   110 0001:00081418
   112 0001:00081452   113 0001:0008145C   114 0001:00081471   115 0001:00081474
   119 0001:00081483   121 0001:0008148C   122 0001:00081496   123 0001:000814A3
   127 0001:000814A8   128 0001:000814B6   129 0001:000814C1   130 0001:000814C8
   131 0001:000814CB   135 0001:000814E5   137 0001:000814FD   138 0001:00081512
   139 0001:00081515   142 0001:00081521   146 0001:0008152A   148 0001:00081533
   149 0001:00081541   150 0001:0008154C   151 0001:00081553   152 0001:00081556
   156 0001:0008156D   161 0001:0008157A   163 0001:00081587   164 0001:0008158E
   165 0001:0008159F   166 0001:000815B3   167 0001:000815BD   168 0001:000815CB
   172 0001:000815DE   173 0001:000815E7   175 0001:00081601   176 0001:0008162A
   177 0001:0008164B   178 0001:00081680   179 0001:000816A1   181 0001:000816B7
   182 0001:000816E0   183 0001:00081709   184 0001:00081717   186 0001:0008172E
   188 0001:00081748   189 0001:00081750   191 0001:000817AA   195 0001:00081A04
   196 0001:00081A0A   197 0001:00081A11   198 0001:00081A18   199 0001:00081A1F
   200 0001:00081A29   202 0001:00081A5C   202 0001:00081A63

Line numbers for CSPwdunt(CSPwdunt.pas) segment .text

    42 0001:00081CBC    43 0001:00081CD7    44 0001:00081CE2    45 0001:00081CEF
    46 0001:00081CF9    47 0001:00081D1B    46 0001:00081D5D    48 0001:00081D82
    53 0001:00081DA4    54 0001:00081DCF    57 0001:00081DFA    58 0001:00081E0B
    59 0001:00081E11    61 0001:00081E16    63 0001:00081E26    66 0001:00081E63
    67 0001:00081E78    68 0001:00081E89    69 0001:00081E97    70 0001:00081E9F
    71 0001:00081EA5    74 0001:00081EAA    76 0001:00081EDD    77 0001:00081EF2
    78 0001:00081F03    79 0001:00081F11    80 0001:00081F19    81 0001:00081F1F
    84 0001:00081F24    86 0001:00081F5B    87 0001:00081FA8    88 0001:00081FB9
    89 0001:00081FC7    90 0001:00081FCF    91 0001:00081FD5    94 0001:00081FDA
    97 0001:00082028    98 0001:0008203D    99 0001:0008204E   100 0001:0008205C
   101 0001:00082064   102 0001:0008206A   106 0001:0008206F   108 0001:0008208E
   109 0001:00082096   110 0001:000820A6   111 0001:000820B3   112 0001:000820C1
   114 0001:000820EB   115 0001:00082100   116 0001:00082111   117 0001:0008211F
   118 0001:00082127   119 0001:0008212D   123 0001:0008213C   124 0001:0008214E
   125 0001:0008215F   126 0001:00082169   127 0001:00082177   130 0001:0008218A
   131 0001:000821B2   133 0001:000821CD   134 0001:000821DB   136 0001:000821E3
   137 0001:000821F1   138 0001:000821F9   139 0001:0008221D   140 0001:0008222B
   148 0001:0008223E   149 0001:00082269   148 0001:000822B6   150 0001:000822B9
   151 0001:000822D6   152 0001:000822FF   151 0001:0008232C   153 0001:00082331
   154 0001:0008234F   155 0001:0008236A   158 0001:00082381   162 0001:000823AA
   164 0001:000823C4   165 0001:000823CC   168 0001:000823D4   169 0001:00082433
   172 0001:0008282C   173 0001:0008282F   174 0001:00082841   176 0001:00082874
   176 0001:0008287B

Line numbers for CSFrmuser(CSfrmUser.pas) segment .text

   184 0001:00097230   184 0001:00097237

Line numbers for CSFrmgrp(CSFrmgrp.pas) segment .text

   232 0001:00097268   232 0001:0009726F

Line numbers for CSgapset(CSgapset.pas) segment .text

    99 0001:000972A0    99 0001:000972A7

Line numbers for CSFrmsec(CSFrmsec.pas) segment .text

  1538 0001:000972D8  1538 0001:000972DF

Line numbers for IsgCSsec(IsgCSsec.pas) segment .text

   170 0001:000974C8   171 0001:000974DF   172 0001:000974E8   173 0001:000974F0
   174 0001:000974F7   175 0001:0009750D   176 0001:00097516   177 0001:00097523
   178 0001:00097550   181 0001:0009755C   182 0001:00097567   184 0001:00097571
   185 0001:00097576   188 0001:00097581   190 0001:00097594   191 0001:00097599
   192 0001:000975A4   193 0001:000975AF   196 0001:000975BA   197 0001:000975C5
   198 0001:000975D3   199 0001:000975DE   200 0001:000975E9   202 0001:000975F4
   203 0001:0009760B   208 0001:00097610   209 0001:0009762D   210 0001:00097635
   211 0001:00097643   213 0001:00097650   214 0001:00097660   215 0001:00097674
   217 0001:00097688   218 0001:000976AF   219 0001:000976C5   220 0001:000976D2
   222 0001:000976D7   223 0001:000976E2   224 0001:000976ED   225 0001:00097707
   226 0001:00097714   229 0001:0009772D   230 0001:0009773B   232 0001:00097750
   233 0001:00097779   235 0001:000977A2   237 0001:000977AD   238 0001:000977C7
   239 0001:000977D4   240 0001:000977E8   241 0001:00097801   243 0001:0009780F
   244 0001:00097829   245 0001:00097836   246 0001:0009784A   247 0001:00097863
   249 0001:00097871   250 0001:00097882   251 0001:0009788F   252 0001:0009789A
   253 0001:000978AA   255 0001:000978B1   256 0001:000978B8   258 0001:000978CC
   259 0001:000978D5   261 0001:000978EA   262 0001:000978F1   263 0001:000978F8
   264 0001:00097904   266 0001:00097911   268 0001:00097925   269 0001:0009793F
   270 0001:0009794C   271 0001:00097960   272 0001:00097979   275 0001:00097989
   276 0001:00097994   277 0001:0009799B   278 0001:000979A2   280 0001:000979AB
   282 0001:000979BD   283 0001:000979C9   284 0001:000979D5   286 0001:000979E3
   287 0001:000979EF   292 0001:000979FD   293 0001:00097A08   299 0001:00097A2E
   300 0001:00097A43   301 0001:00097A51   302 0001:00097A62   305 0001:00097A95
   308 0001:00097CA4   309 0001:00097CA7   310 0001:00097CBF   312 0001:00097CC3
   313 0001:00097CC5   316 0001:00097CC8   317 0001:00097CCB   318 0001:00097CE3
   320 0001:00097CE7   321 0001:00097CE9   326 0001:00097CEC   327 0001:00097CF2
   328 0001:00097CF8   329 0001:00097D01   342 0001:00097D08   343 0001:00097D4E
   344 0001:00097D56   345 0001:00097D67   347 0001:00097D78   349 0001:00097E03
   351 0001:00097E11   353 0001:00097E13   355 0001:00097E18   357 0001:00097E25
   359 0001:00097E32   361 0001:00097E36   363 0001:00097E3B   365 0001:00097E40
   367 0001:00097E50   368 0001:00097E55   371 0001:00097E63   373 0001:00097E69
   374 0001:00097EA1   430 0001:00097F08   431 0001:00097F2E   432 0001:00097F35
   433 0001:00097F3D   435 0001:00097F51   436 0001:00097F80   437 0001:00097FB8
   438 0001:00097FE7   439 0001:00098020   433 0001:00098021   440 0001:00098028
   441 0001:00098035   443 0001:00098039   444 0001:0009805F   450 0001:00098080
   451 0001:000980A3   452 0001:000980BA   453 0001:000980D2   454 0001:000980EA
   455 0001:00098102   458 0001:00098119   459 0001:00098127   460 0001:00098139
   462 0001:00098166   465 0001:00098180   467 0001:0009819A   469 0001:000981A9
   470 0001:000981B3   474 0001:000981CA   475 0001:000981D4   476 0001:000981E8
   478 0001:000981F2   480 0001:00098206   481 0001:0009820E   482 0001:0009821E
   483 0001:0009822F   484 0001:0009823A   485 0001:00098242   486 0001:0009824A
   487 0001:0009825A   488 0001:0009826A   489 0001:00098275   490 0001:0009827D
   491 0001:00098287   492 0001:0009828F   493 0001:00098297   495 0001:000982A4
   497 0001:000982AE   499 0001:000982BB   500 0001:000982D2   501 0001:000982F4
   502 0001:00098316   503 0001:00098338   504 0001:0009835A   505 0001:00098372
   506 0001:00098389   507 0001:000983A0   508 0001:000983B7   509 0001:000983CE
   510 0001:000983E5   512 0001:000983FC   514 0001:00098409   515 0001:00098419
   516 0001:0009844E   517 0001:0009845A   518 0001:00098472   519 0001:00098489
   520 0001:000984A0   523 0001:000984AC   526 0001:000984D3   527 0001:000984E8
   530 0001:000984F3   532 0001:000984FD   533 0001:00098505   534 0001:00098519
   535 0001:00098529   536 0001:0009853D   541 0001:00098556   542 0001:0009857A
   543 0001:000985A2   544 0001:000985C0   546 0001:000985DE   547 0001:000985EC
   549 0001:00098609   555 0001:00098625   557 0001:00098629   559 0001:00098650
   560 0001:00098664   561 0001:00098674   562 0001:00098688   567 0001:000986A1
   568 0001:000986C5   569 0001:000986E3   570 0001:000986F1   572 0001:0009870E
   575 0001:00098728   576 0001:00098759   710 0001:00098B20   711 0001:00098B43
   712 0001:00098B4B   713 0001:00098B54   714 0001:00098B5F   715 0001:00098B6E
   716 0001:00098B79   718 0001:00098B7D   721 0001:00098B87   722 0001:00098B99
   723 0001:00098BA7   724 0001:00098BB5   726 0001:00098BC8   727 0001:00098BDA
   728 0001:00098BE8   729 0001:00098BF6   732 0001:00098C09   733 0001:00098C17
   734 0001:00098C1F   736 0001:00098C42   739 0001:00098C5C   743 0001:00098C6C
   744 0001:00098C7D   745 0001:00098CA5   746 0001:00098CB2   747 0001:00098CBE
   749 0001:00098CD5   753 0001:00098CDF   754 0001:00098CF7   755 0001:00098D1A
   756 0001:00098D3D   757 0001:00098D60   758 0001:00098D83   759 0001:00098D9C
   760 0001:00098DB4   761 0001:00098DCC   762 0001:00098DE4   763 0001:00098DFC
   765 0001:00098E14   766 0001:00098E28   767 0001:00098E38   768 0001:00098E4C
   772 0001:00098E65   773 0001:00098E89   774 0001:00098EB1   775 0001:00098ECF
   776 0001:00098EDD   778 0001:00098EFA   781 0001:00098F14   782 0001:00098F25
   783 0001:00098F5B   786 0001:00098F68   787 0001:00098F81   788 0001:00098F99
   790 0001:00098FB1   791 0001:00098FBE   793 0001:00098FC6   794 0001:00098FD3
   797 0001:00098FDB   799 0001:00099002   800 0001:00099016   801 0001:00099026
   802 0001:0009903A   805 0001:00099053   806 0001:00099077   807 0001:00099095
   808 0001:000990A3   810 0001:000990C0   813 0001:000990DA   814 0001:000990E2
   815 0001:0009910F   837 0001:000994A0   838 0001:000994BE   839 0001:000994C0
   841 0001:000994CA   843 0001:000994D0   844 0001:000994E5   847 0001:000994EA
   849 0001:000994F5   850 0001:0009952D   853 0001:00099532   854 0001:00099548
   855 0001:0009955C   856 0001:0009956C   858 0001:00099579   859 0001:00099583
   860 0001:0009958E   861 0001:0009959E   862 0001:000995A5   863 0001:000995B5
   864 0001:000995E7   865 0001:000995F3   867 0001:000995FA   869 0001:00099607
   870 0001:00099611   871 0001:0009961C   872 0001:0009962C   873 0001:00099633
   874 0001:00099643   875 0001:00099675   876 0001:00099681   877 0001:0009968C
   878 0001:0009969F   879 0001:000996AC   880 0001:000996B8   882 0001:000996BF
   885 0001:000996CD   886 0001:000996D3   887 0001:0009970C   891 0001:00099844
   892 0001:00099869   894 0001:00099873   895 0001:00099877   897 0001:0009987C
   899 0001:00099880   900 0001:00099884   901 0001:00099891   903 0001:000998A6
   906 0001:000998AB   907 0001:000998AF   909 0001:000998B8   910 0001:000998C8
   913 0001:00099932   914 0001:0009993E   915 0001:00099949   918 0001:00099952
   919 0001:0009995E   920 0001:0009996E   923 0001:000999D0   924 0001:000999DC
   927 0001:000999E8   928 0001:000999FF   930 0001:00099A6E   931 0001:00099A81
   932 0001:00099A93   933 0001:00099A97   934 0001:00099AAA   925 0001:00099AB1
   936 0001:00099AC4   939 0001:00099AD0   941 0001:00099AF7   942 0001:00099B0B
   945 0001:00099B24   946 0001:00099B48   947 0001:00099B66   948 0001:00099B80
   949 0001:00099B8E   951 0001:00099BAB   954 0001:00099BC5   955 0001:00099BE0
   957 0001:00099C1A   959 0001:00099EA8   959 0001:00099EAF

Line numbers for GetEmployeeID(GetEmployeeID.pas) segment .text

    56 0001:00099EE0    56 0001:00099EE7

Line numbers for SecurityConsts(..\common\SecurityConsts.pas) segment .text

   144 0001:00099F2C   144 0001:00099F33

Line numbers for RMLAbout(..\common\RMLAbout.pas) segment .text

    49 0001:000ADA4C    50 0001:000ADA56    53 0001:000ADA58    54 0001:000ADA5B
    55 0001:000ADA6E    56 0001:000ADA7A    57 0001:000ADA97    60 0001:000ADAB8
    61 0001:000ADABB    62 0001:000ADAD5    66 0001:000ADAF4    67 0001:000ADB0D
    68 0001:000ADB35    69 0001:000ADB73    71 0001:000ADBE4    71 0001:000ADBEB

Line numbers for Constants(..\common\Constants.pas) segment .text

    50 0001:000ADC1C    50 0001:000ADC23

Line numbers for BDEFunctions(..\common\Delphi5\units\BDEFunctions.pas) segment .text

    20 0001:000ADC24    21 0001:000ADC42    23 0001:000ADC4E    25 0001:000ADC58
    26 0001:000ADC5A    29 0001:000ADC5F    31 0001:000ADC6C    33 0001:000ADC76
    34 0001:000ADC78    38 0001:000ADC7D    39 0001:000ADC88    40 0001:000ADC8F
    41 0001:000ADCAA    42 0001:000ADCC5    43 0001:000ADCD3    45 0001:000ADCEB
    46 0001:000ADCF5    47 0001:000ADCF7    50 0001:000ADD03    51 0001:000ADD10
    52 0001:000ADD1D    53 0001:000ADD43   170 0001:000ADEA4   170 0001:000ADEAB

Line numbers for main(main.pas) segment .text

    84 0001:000AE210    85 0001:000AE21A    91 0001:000AE21C    93 0001:000AE241
    94 0001:000AE243    95 0001:000AE257    96 0001:000AE270    97 0001:000AE2A9
    98 0001:000AE2C3    99 0001:000AE2D1   100 0001:000AE2F7   104 0001:000AE2FD
   108 0001:000AE30A   109 0001:000AE323   113 0001:000AE328   114 0001:000AE348
   116 0001:000AE381   117 0001:000AE38E   118 0001:000AE3A7   124 0001:000AE3B3
   125 0001:000AE3C1   126 0001:000AE3F8   127 0001:000AE413   132 0001:000AE43C
   134 0001:000AE43E   135 0001:000AE440   138 0001:000AE450   140 0001:000AE46C
   141 0001:000AE46E   145 0001:000AE47B   147 0001:000AE47F   148 0001:000AE48C
   152 0001:000AE4A7   153 0001:000AE4B7   154 0001:000AE4D0   156 0001:000AE4E7
   166 0001:000AE4F7   167 0001:000AE510   168 0001:000AE51C   169 0001:000AE52A
   170 0001:000AE561   171 0001:000AE57C   173 0001:000AE5A5   175 0001:000AE5A7
   176 0001:000AE5A9   179 0001:000AE5B9   181 0001:000AE5D5   182 0001:000AE5D7
   185 0001:000AE5E4   187 0001:000AE5E8   188 0001:000AE5F5   192 0001:000AE610
   193 0001:000AE620   194 0001:000AE639   196 0001:000AE650   201 0001:000AE692
   204 0001:000AE99C   205 0001:000AE99F   207 0001:000AE9A6   208 0001:000AE9B3
   209 0001:000AE9BA   210 0001:000AE9D7   211 0001:000AE9E3   213 0001:000AE9FD
   214 0001:000AEA04   215 0001:000AEA10   217 0001:000AEA12   218 0001:000AEA2F
   221 0001:000AEA3B   224 0001:000AEA80   225 0001:000AEA83   226 0001:000AEA8C
   228 0001:000AEA95   229 0001:000AEA9C   230 0001:000AEAB9   231 0001:000AEAC5
   232 0001:000AEAD9   234 0001:000AEAE0   235 0001:000AEAFA   237 0001:000AEB06
   241 0001:000AEB24   242 0001:000AEB29   243 0001:000AEB35   249 0001:000AEB38
   250 0001:000AEB3B   254 0001:000AEB3C   255 0001:000AEB59   256 0001:000AEB7E
   260 0001:000AEB84   261 0001:000AEB9B   262 0001:000AEBAA   266 0001:000AEBC8
   267 0001:000AEBD6   269 0001:000AEC08   269 0001:000AEC0F

Line numbers for ViewUsers(ViewUsers.pas) segment .text

    42 0001:000AEE7C    43 0001:000AEE8C    47 0001:000AEE90    48 0001:000AEEA0
    51 0001:000AEEA4    52 0001:000AEEBD    54 0001:000AEED0    56 0001:000AEEE8
    58 0001:000AEF2A    59 0001:000AEF35    60 0001:000AEF45    63 0001:000AEF77
    67 0001:000AEFD8    68 0001:000AEFDD    74 0001:000AEFE0    75 0001:000AEFFE
    77 0001:000AF012    79 0001:000AF025    80 0001:000AF039    82 0001:000AF055
    83 0001:000AF069    84 0001:000AF080    85 0001:000AF08C    87 0001:000AF0CC
    88 0001:000AF0D7    89 0001:000AF0E7    90 0001:000AF0F7    94 0001:000AF148
    96 0001:000AF20C    96 0001:000AF213

Line numbers for BookOnOff(C:\projects\RML\BookOnOff\BookOnOff.dpr) segment .text

    14 0001:000AF4BC    15 0001:000AF4CC    16 0001:000AF4D8    17 0001:000AF4F0
    18 0001:000AF508    19 0001:000AF520    20 0001:000AF52C

Bound resource files

c:\program files\borland\delphi5\Lib\CONTROLS.RES
c:\program files\borland\delphi5\Lib\DBPWDlg.DFM
c:\program files\borland\delphi5\Lib\DBLogDlg.DFM
c:\program files\borland\delphi5\Lib\BUTTONS.RES
c:\program files\isg\isgcssecure\rmlcompd5\CSLogon.DFM
c:\program files\isg\isgcssecure\rmlcompd5\CSPwdunt.DFM
c:\program files\borland\delphi5\Lib\DBCTRLS.RES
c:\program files\borland\delphi5\Lib\DBGRIDS.RES
c:\program files\isg\isgcssecure\rmlcompd5\CSFrmuser.DFM
c:\program files\isg\isgcssecure\rmlcompd5\CSFrmgrp.DFM
c:\program files\isg\isgcssecure\rmlcompd5\CSgapset.DFM
c:\program files\isg\isgcssecure\rmlcompd5\CSFrmsec.DFM
GetEmployeeID.DFM
RMLAbout.DFM
main.DFM
ViewUsers.DFM
BookOnOff.RES
BookOnOff.drf


Program entry point at 0001:000AF4BC
